Component: Arm Compiler for Embedded 6.24 Tool: armlink [5f371500]

==============================================================================

Section Cross References

    startup_stm32h743xx.o(STACK) refers (Special) to heapauxi.o(.text) for __use_two_region_memory
    startup_stm32h743xx.o(HEAP) refers (Special) to heapauxi.o(.text) for __use_two_region_memory
    startup_stm32h743xx.o(RESET) refers (Special) to heapauxi.o(.text) for __use_two_region_memory
    startup_stm32h743xx.o(RESET) refers to startup_stm32h743xx.o(STACK) for __initial_sp
    startup_stm32h743xx.o(RESET) refers to startup_stm32h743xx.o(.text) for Reset_Handler
    startup_stm32h743xx.o(RESET) refers to stm32h7xx_it.o(.text.NMI_Handler) for NMI_Handler
    startup_stm32h743xx.o(RESET) refers to stm32h7xx_it.o(.text.HardFault_Handler) for HardFault_Handler
    startup_stm32h743xx.o(RESET) refers to stm32h7xx_it.o(.text.MemManage_Handler) for MemManage_Handler
    startup_stm32h743xx.o(RESET) refers to stm32h7xx_it.o(.text.BusFault_Handler) for BusFault_Handler
    startup_stm32h743xx.o(RESET) refers to stm32h7xx_it.o(.text.UsageFault_Handler) for UsageFault_Handler
    startup_stm32h743xx.o(RESET) refers to stm32h7xx_it.o(.text.SVC_Handler) for SVC_Handler
    startup_stm32h743xx.o(RESET) refers to stm32h7xx_it.o(.text.DebugMon_Handler) for DebugMon_Handler
    startup_stm32h743xx.o(RESET) refers to stm32h7xx_it.o(.text.PendSV_Handler) for PendSV_Handler
    startup_stm32h743xx.o(RESET) refers to stm32h7xx_it.o(.text.SysTick_Handler) for SysTick_Handler
    startup_stm32h743xx.o(RESET) refers to stm32h7xx_it.o(.text.ADC_IRQHandler) for ADC_IRQHandler
    startup_stm32h743xx.o(RESET) refers to stm32h7xx_it.o(.text.TIM1_UP_IRQHandler) for TIM1_UP_IRQHandler
    startup_stm32h743xx.o(RESET) refers to stm32h7xx_it.o(.text.TIM5_IRQHandler) for TIM5_IRQHandler
    startup_stm32h743xx.o(RESET) refers to stm32h7xx_it.o(.text.TIM7_IRQHandler) for TIM7_IRQHandler
    startup_stm32h743xx.o(.text) refers (Special) to heapauxi.o(.text) for __use_two_region_memory
    startup_stm32h743xx.o(.text) refers to system_stm32h7xx.o(.text.ExitRun0Mode) for ExitRun0Mode
    startup_stm32h743xx.o(.text) refers to system_stm32h7xx.o(.text.SystemInit) for SystemInit
    startup_stm32h743xx.o(.text) refers to __main.o(!!!main) for __main
    startup_stm32h743xx.o(.text) refers to startup_stm32h743xx.o(HEAP) for Heap_Mem
    startup_stm32h743xx.o(.text) refers to startup_stm32h743xx.o(STACK) for Stack_Mem
    pmsm.o(.text.PMSM_BoadEnable) refers to stm32h7xx_hal_gpio.o(.text.HAL_GPIO_WritePin) for HAL_GPIO_WritePin
    pmsm.o(.ARM.exidx.text.PMSM_BoadEnable) refers to pmsm.o(.text.PMSM_BoadEnable) for [Anonymous Symbol]
    pmsm.o(.text.PMSM_BoadDisable) refers to stm32h7xx_hal_gpio.o(.text.HAL_GPIO_WritePin) for HAL_GPIO_WritePin
    pmsm.o(.ARM.exidx.text.PMSM_BoadDisable) refers to pmsm.o(.text.PMSM_BoadDisable) for [Anonymous Symbol]
    pmsm.o(.text.PMSM_CalibADC) refers to adc.o(.bss.hadc1) for hadc1
    pmsm.o(.text.PMSM_CalibADC) refers to stm32h7xx_hal_adc_ex.o(.text.HAL_ADCEx_InjectedStart_IT) for HAL_ADCEx_InjectedStart_IT
    pmsm.o(.text.PMSM_CalibADC) refers to tim.o(.bss.htim1) for htim1
    pmsm.o(.text.PMSM_CalibADC) refers to stm32h7xx_hal_tim.o(.text.HAL_TIM_Base_Start) for HAL_TIM_Base_Start
    pmsm.o(.text.PMSM_CalibADC) refers to stm32h7xx_hal_tim.o(.text.HAL_TIM_PWM_Start) for HAL_TIM_PWM_Start
    pmsm.o(.text.PMSM_CalibADC) refers to stm32h7xx_hal.o(.text.HAL_Delay) for HAL_Delay
    pmsm.o(.text.PMSM_CalibADC) refers to stm32h7xx_hal_adc_ex.o(.text.HAL_ADCEx_InjectedStart) for HAL_ADCEx_InjectedStart
    pmsm.o(.text.PMSM_CalibADC) refers to stm32h7xx_hal_adc_ex.o(.text.HAL_ADCEx_InjectedPollForConversion) for HAL_ADCEx_InjectedPollForConversion
    pmsm.o(.text.PMSM_CalibADC) refers to stm32h7xx_hal_tim.o(.text.HAL_TIM_PWM_Stop) for HAL_TIM_PWM_Stop
    pmsm.o(.text.PMSM_CalibADC) refers to stm32h7xx_hal_adc_ex.o(.text.HAL_ADCEx_InjectedStop) for HAL_ADCEx_InjectedStop
    pmsm.o(.ARM.exidx.text.PMSM_CalibADC) refers to pmsm.o(.text.PMSM_CalibADC) for [Anonymous Symbol]
    pmsm.o(.text.PMSM_Init) refers to tim.o(.bss.htim1) for htim1
    pmsm.o(.text.PMSM_Init) refers to stm32h7xx_hal_tim.o(.text.HAL_TIM_PWM_Start) for HAL_TIM_PWM_Start
    pmsm.o(.text.PMSM_Init) refers to stm32h7xx_hal_tim_ex.o(.text.HAL_TIMEx_PWMN_Start) for HAL_TIMEx_PWMN_Start
    pmsm.o(.text.PMSM_Init) refers to stm32h7xx_hal_tim.o(.text.HAL_TIM_Base_Start_IT) for HAL_TIM_Base_Start_IT
    pmsm.o(.text.PMSM_Init) refers to adc.o(.bss.hadc1) for hadc1
    pmsm.o(.text.PMSM_Init) refers to stm32h7xx_hal_adc_ex.o(.text.HAL_ADCEx_InjectedStart_IT) for HAL_ADCEx_InjectedStart_IT
    pmsm.o(.ARM.exidx.text.PMSM_Init) refers to pmsm.o(.text.PMSM_Init) for [Anonymous Symbol]
    pmsm.o(.text.PMSM_MotorSample) refers to global_varibles.o(.bss.Mech_Angle) for Mech_Angle
    pmsm.o(.text.PMSM_MotorSample) refers to global_varibles.o(.bss.Elec_Angle) for Elec_Angle
[...]
    __arm_relocate_pie_                       - Undefined Weak Reference
    __cpp_initialize__aeabi_                  - Undefined Weak Reference
    __cxa_finalize                            - Undefined Weak Reference
    __rt_locale                               - Undefined Weak Reference
    __sigvec_lookup                           - Undefined Weak Reference
    _atexit_init                              - Undefined Weak Reference
    _call_atexit_fns                          - Undefined Weak Reference
    _clock_init                               - Undefined Weak Reference
    _fp_trap_init                             - Undefined Weak Reference
    _fp_trap_shutdown                         - Undefined Weak Reference
    _get_lc_collate                           - Undefined Weak Reference
    _get_lc_ctype                             - Undefined Weak Reference
    _get_lc_monetary                          - Undefined Weak Reference
    _get_lc_numeric                           - Undefined Weak Reference
    _get_lc_time                              - Undefined Weak Reference
    _getenv_init                              - Undefined Weak Reference
    _handle_redirection                       - Undefined Weak Reference
    _init_alloc                               - Undefined Weak Reference
    _init_user_alloc                          - Undefined Weak Reference
    _initio                                   - Undefined Weak Reference
    _rand_init                                - Undefined Weak Reference
    _signal_finish                            - Undefined Weak Reference
    _signal_init                              - Undefined Weak Reference
    _terminate_alloc                          - Undefined Weak Reference
    _terminate_user_alloc                     - Undefined Weak Reference
    _terminateio                              - Undefined Weak Reference
    __Vectors_Size                           0x00000298   Number         0  startup_stm32h743xx.o ABSOLUTE
    __Vectors                                0x08000000   Data           4  startup_stm32h743xx.o(RESET)
    __Vectors_End                            0x08000298   Data           0  startup_stm32h743xx.o(RESET)
    __main                                   0x08000299   Thumb Code     8  __main.o(!!!main)
    __scatterload                            0x080002a1   Thumb Code     0  __scatter.o(!!!scatter)
    __scatterload_rt2                        0x080002a1   Thumb Code    84  __scatter.o(!!!scatter)
    __scatterload_rt2_thumb_only             0x080002a1   Thumb Code     0  __scatter.o(!!!scatter)
    __scatterload_loop                       0x080002ab   Thumb Code     0  __scatter.o(!!!scatter)
    __scatterload_copy                       0x080002fd   Thumb Code    26  __scatter_copy.o(!!handler_copy)
    __scatterload_null                       0x08000319   Thumb Code     2  __scatter.o(!!handler_null)
    __scatterload_zeroinit                   0x0800031d   Thumb Code    28  __scatter_zi.o(!!handler_zi)
    __rt_lib_init                            0x08000339   Thumb Code     0  libinit.o(.ARM.Collect$$libinit$$00000000)
    __rt_lib_init_fp_1                       0x0800033b   Thumb Code     0  libinit2.o(.ARM.Collect$$libinit$$00000001)
    __rt_lib_init_alloca_1                   0x0800033f   Thumb Code     0  libinit2.o(.ARM.Collect$$libinit$$00000030)
    __rt_lib_init_argv_1                     0x0800033f   Thumb Code     0  libinit2.o(.ARM.Collect$$libinit$$0000002E)
    __rt_lib_init_atexit_1                   0x0800033f   Thumb Code     0  libinit2.o(.ARM.Collect$$libinit$$0000001D)
    __rt_lib_init_clock_1                    0x0800033f   Thumb Code     0  libinit2.o(.ARM.Collect$$libinit$$00000023)
    __rt_lib_init_cpp_1                      0x0800033f   Thumb Code     0  libinit2.o(.ARM.Collect$$libinit$$00000034)
    __rt_lib_init_exceptions_1               0x0800033f   Thumb Code     0  libinit2.o(.ARM.Collect$$libinit$$00000032)
    __rt_lib_init_fp_trap_1                  0x0800033f   Thumb Code     0  libinit2.o(.ARM.Collect$$libinit$$00000021)
    __rt_lib_init_getenv_1                   0x0800033f   Thumb Code     0  libinit2.o(.ARM.Collect$$libinit$$00000025)
    __rt_lib_init_heap_1                     0x0800033f   Thumb Code     0  libinit2.o(.ARM.Collect$$libinit$$0000000C)
    __rt_lib_init_lc_collate_1               0x0800033f   Thumb Code     0  libinit2.o(.ARM.Collect$$libinit$$00000013)
    __rt_lib_init_lc_ctype_1                 0x0800033f   Thumb Code     0  libinit2.o(.ARM.Collect$$libinit$$00000015)
    __rt_lib_init_lc_monetary_1              0x0800033f   Thumb Code     0  libinit2.o(.ARM.Collect$$libinit$$00000017)
    __rt_lib_init_lc_numeric_1               0x0800033f   Thumb Code     0  libinit2.o(.ARM.Collect$$libinit$$00000019)
    __rt_lib_init_lc_time_1                  0x0800033f   Thumb Code     0  libinit2.o(.ARM.Collect$$libinit$$0000001B)
    __rt_lib_init_preinit_1                  0x0800033f   Thumb Code     0  libinit2.o(.ARM.Collect$$libinit$$00000006)
    __rt_lib_init_rand_1                     0x0800033f   Thumb Code     0  libinit2.o(.ARM.Collect$$libinit$$00000010)
    __rt_lib_init_relocate_pie_1             0x0800033f   Thumb Code     0  libinit2.o(.ARM.Collect$$libinit$$00000004)
    __rt_lib_init_return                     0x0800033f   Thumb Code     0  libinit2.o(.ARM.Collect$$libinit$$00000035)
    __rt_lib_init_signal_1                   0x0800033f   Thumb Code     0  libinit2.o(.ARM.Collect$$libinit$$0000001F)
    __rt_lib_init_stdio_1                    0x0800033f   Thumb Code     0  libinit2.o(.ARM.Collect$$libinit$$00000027)
    __rt_lib_init_user_alloc_1               0x0800033f   Thumb Code     0  libinit2.o(.ARM.Collect$$libinit$$0000000E)
    __rt_lib_shutdown                        0x08000341   Thumb Code     0  libshutdown.o(.ARM.Collect$$libshutdown$$00000000)
    __rt_lib_shutdown_cpp_1                  0x08000343   Thumb Code     0  libshutdown2.o(.ARM.Collect$$libshutdown$$00000002)
    __rt_lib_shutdown_fp_trap_1              0x08000343   Thumb Code     0  libshutdown2.o(.ARM.Collect$$libshutdown$$00000007)
    __rt_lib_shutdown_heap_1                 0x08000343   Thumb Code     0  libshutdown2.o(.ARM.Collect$$libshutdown$$0000000F)
    __rt_lib_shutdown_return                 0x08000343   Thumb Code     0  libshutdown2.o(.ARM.Collect$$libshutdown$$00000010)
    __rt_lib_shutdown_signal_1               0x08000343   Thumb Code     0  libshutdown2.o(.ARM.Collect$$libshutdown$$0000000A)
    __rt_lib_shutdown_stdio_1                0x08000343   Thumb Code     0  libshutdown2.o(.ARM.Collect$$libshutdown$$00000004)
    __rt_lib_shutdown_user_alloc_1           0x08000343   Thumb Code     0  libshutdown2.o(.ARM.Collect$$libshutdown$$0000000C)
    __rt_entry                               0x08000345   Thumb Code     0  __rtentry.o(.ARM.Collect$$rtentry$$00000000)
    __rt_entry_presh_1                       0x08000345   Thumb Code     0  __rtentry2.o(.ARM.Collect$$rtentry$$00000002)
    __rt_entry_sh                            0x08000345   Thumb Code     0  __rtentry4.o(.ARM.Collect$$rtentry$$00000004)
    __rt_entry_li                            0x0800034b   Thumb Code     0  __rtentry2.o(.ARM.Collect$$rtentry$$0000000A)
    __rt_entry_postsh_1                      0x0800034b   Thumb Code     0  __rtentry2.o(.ARM.Collect$$rtentry$$00000009)
    __rt_entry_main                          0x0800034f   Thumb Code     0  __rtentry2.o(.ARM.Collect$$rtentry$$0000000D)
    __rt_entry_postli_1                      0x0800034f   Thumb Code     0  __rtentry2.o(.ARM.Collect$$rtentry$$0000000C)
    __rt_exit                                0x08000357   Thumb Code     0  rtexit.o(.ARM.Collect$$rtexit$$00000000)
    __rt_exit_ls                             0x08000359   Thumb Code     0  rtexit2.o(.ARM.Collect$$rtexit$$00000003)
    __rt_exit_prels_1                        0x08000359   Thumb Code     0  rtexit2.o(.ARM.Collect$$rtexit$$00000002)
    __rt_exit_exit                           0x0800035d   Thumb Code     0  rtexit2.o(.ARM.Collect$$rtexit$$00000004)
    Reset_Handler                            0x08000365   Thumb Code    12  startup_stm32h743xx.o(.text)
    ADC3_IRQHandler                          0x08000383   Thumb Code     0  startup_stm32h743xx.o(.text)
    BDMA_Channel0_IRQHandler                 0x08000383   Thumb Code     0  startup_stm32h743xx.o(.text)
    BDMA_Channel1_IRQHandler                 0x08000383   Thumb Code     0  startup_stm32h743xx.o(.text)
    BDMA_Channel2_IRQHandler                 0x08000383   Thumb Code     0  startup_stm32h743xx.o(.text)
    BDMA_Channel3_IRQHandler                 0x08000383   Thumb Code     0  startup_stm32h743xx.o(.text)
    BDMA_Channel4_IRQHandler                 0x08000383   Thumb Code     0  startup_stm32h743xx.o(.text)
    BDMA_Channel5_IRQHandler                 0x08000383   Thumb Code     0  startup_stm32h743xx.o(.text)
    BDMA_Channel6_IRQHandler                 0x08000383   Thumb Code     0  startup_stm32h743xx.o(.text)
    BDMA_Channel7_IRQHandler                 0x08000383   Thumb Code     0  startup_stm32h743xx.o(.text)
    CEC_IRQHandler                           0x08000383   Thumb Code     0  startup_stm32h743xx.o(.text)
    COMP1_IRQHandler                         0x08000383   Thumb Code     0  startup_stm32h743xx.o(.text)
    CRS_IRQHandler                           0x08000383   Thumb Code     0  startup_stm32h743xx.o(.text)
    DCMI_IRQHandler                          0x08000383   Thumb Code     0  startup_stm32h743xx.o(.text)
    DFSDM1_FLT0_IRQHandler                   0x08000383   Thumb Code     0  startup_stm32h743xx.o(.text)
    DFSDM1_FLT1_IRQHandler                   0x08000383   Thumb Code     0  startup_stm32h743xx.o(.text)
    DFSDM1_FLT2_IRQHandler                   0x08000383   Thumb Code     0  startup_stm32h743xx.o(.text)
    DFSDM1_FLT3_IRQHandler                   0x08000383   Thumb Code     0  startup_stm32h743xx.o(.text)
    DMA1_Stream0_IRQHandler                  0x08000383   Thumb Code     0  startup_stm32h743xx.o(.text)
    DMA1_Stream1_IRQHandler                  0x08000383   Thumb Code     0  startup_stm32h743xx.o(.text)
    DMA1_Stream2_IRQHandler                  0x08000383   Thumb Code     0  startup_stm32h743xx.o(.text)
    DMA1_Stream3_IRQHandler                  0x08000383   Thumb Code     0  startup_stm32h743xx.o(.text)
    DMA1_Stream4_IRQHandler                  0x08000383   Thumb Code     0  startup_stm32h743xx.o(.text)
    DMA1_Stream5_IRQHandler                  0x08000383   Thumb Code     0  startup_stm32h743xx.o(.text)
    DMA1_Stream6_IRQHandler                  0x08000383   Thumb Code     0  startup_stm32h743xx.o(.text)
    DMA1_Stream7_IRQHandler                  0x08000383   Thumb Code     0  startup_stm32h743xx.o(.text)
    DMA2D_IRQHandler                         0x08000383   Thumb Code     0  startup_stm32h743xx.o(.text)
    DMA2_Stream0_IRQHandler                  0x08000383   Thumb Code     0  startup_stm32h743xx.o(.text)
    DMA2_Stream1_IRQHandler                  0x08000383   Thumb Code     0  startup_stm32h743xx.o(.text)
    DMA2_Stream2_IRQHandler                  0x08000383   Thumb Code     0  startup_stm32h743xx.o(.text)
    DMA2_Stream3_IRQHandler                  0x08000383   Thumb Code     0  startup_stm32h743xx.o(.text)
    DMA2_Stream4_IRQHandler                  0x08000383   Thumb Code     0  startup_stm32h743xx.o(.text)
    DMA2_Stream5_IRQHandler                  0x08000383   Thumb Code     0  startup_stm32h743xx.o(.text)
    DMA2_Stream6_IRQHandler                  0x08000383   Thumb Code     0  startup_stm32h743xx.o(.text)
    DMA2_Stream7_IRQHandler                  0x08000383   Thumb Code     0  startup_stm32h743xx.o(.text)
    DMAMUX1_OVR_IRQHandler                   0x08000383   Thumb Code     0  startup_stm32h743xx.o(.text)
    DMAMUX2_OVR_IRQHandler                   0x08000383   Thumb Code     0  startup_stm32h743xx.o(.text)
    ECC_IRQHandler                           0x08000383   Thumb Code     0  startup_stm32h743xx.o(.text)
    ETH_IRQHandler                           0x08000383   Thumb Code     0  startup_stm32h743xx.o(.text)
    ETH_WKUP_IRQHandler                      0x08000383   Thumb Code     0  startup_stm32h743xx.o(.text)
    EXTI0_IRQHandler                         0x08000383   Thumb Code     0  startup_stm32h743xx.o(.text)
    EXTI15_10_IRQHandler                     0x08000383   Thumb Code     0  startup_stm32h743xx.o(.text)
    EXTI1_IRQHandler                         0x08000383   Thumb Code     0  startup_stm32h743xx.o(.text)
    EXTI2_IRQHandler                         0x08000383   Thumb Code     0  startup_stm32h743xx.o(.text)
    EXTI3_IRQHandler                         0x08000383   Thumb Code     0  startup_stm32h743xx.o(.text)
    EXTI4_IRQHandler                         0x08000383   Thumb Code     0  startup_stm32h743xx.o(.text)
    EXTI9_5_IRQHandler                       0x08000383   Thumb Code     0  startup_stm32h743xx.o(.text)
    FDCAN1_IT0_IRQHandler                    0x08000383   Thumb Code     0  startup_stm32h743xx.o(.text)
    FDCAN1_IT1_IRQHandler                    0x08000383   Thumb Code     0  startup_stm32h743xx.o(.text)
    FDCAN2_IT0_IRQHandler                    0x08000383   Thumb Code     0  startup_stm32h743xx.o(.text)
    FDCAN2_IT1_IRQHandler                    0x08000383   Thumb Code     0  startup_stm32h743xx.o(.text)
    FDCAN_CAL_IRQHandler                     0x08000383   Thumb Code     0  startup_stm32h743xx.o(.text)
    FLASH_IRQHandler                         0x08000383   Thumb Code     0  startup_stm32h743xx.o(.text)
    FMC_IRQHandler                           0x08000383   Thumb Code     0  startup_stm32h743xx.o(.text)
    FPU_IRQHandler                           0x08000383   Thumb Code     0  startup_stm32h743xx.o(.text)
    HRTIM1_FLT_IRQHandler                    0x08000383   Thumb Code     0  startup_stm32h743xx.o(.text)
    HRTIM1_Master_IRQHandler                 0x08000383   Thumb Code     0  startup_stm32h743xx.o(.text)
    HRTIM1_TIMA_IRQHandler                   0x08000383   Thumb Code     0  startup_stm32h743xx.o(.text)
    HRTIM1_TIMB_IRQHandler                   0x08000383   Thumb Code     0  startup_stm32h743xx.o(.text)
    HRTIM1_TIMC_IRQHandler                   0x08000383   Thumb Code     0  startup_stm32h743xx.o(.text)
    HRTIM1_TIMD_IRQHandler                   0x08000383   Thumb Code     0  startup_stm32h743xx.o(.text)
    HRTIM1_TIME_IRQHandler                   0x08000383   Thumb Code     0  startup_stm32h743xx.o(.text)
    HSEM1_IRQHandler                         0x08000383   Thumb Code     0  startup_stm32h743xx.o(.text)
    I2C1_ER_IRQHandler                       0x08000383   Thumb Code     0  startup_stm32h743xx.o(.text)
    I2C1_EV_IRQHandler                       0x08000383   Thumb Code     0  startup_stm32h743xx.o(.text)
    I2C2_ER_IRQHandler                       0x08000383   Thumb Code     0  startup_stm32h743xx.o(.text)
    I2C2_EV_IRQHandler                       0x08000383   Thumb Code     0  startup_stm32h743xx.o(.text)
    I2C3_ER_IRQHandler                       0x08000383   Thumb Code     0  startup_stm32h743xx.o(.text)
    I2C3_EV_IRQHandler                       0x08000383   Thumb Code     0  startup_stm32h743xx.o(.text)
    I2C4_ER_IRQHandler                       0x08000383   Thumb Code     0  startup_stm32h743xx.o(.text)
    I2C4_EV_IRQHandler                       0x08000383   Thumb Code     0  startup_stm32h743xx.o(.text)
    JPEG_IRQHandler                          0x08000383   Thumb Code     0  startup_stm32h743xx.o(.text)
    LPTIM1_IRQHandler                        0x08000383   Thumb Code     0  startup_stm32h743xx.o(.text)
    LPTIM2_IRQHandler                        0x08000383   Thumb Code     0  startup_stm32h743xx.o(.text)
    LPTIM3_IRQHandler                        0x08000383   Thumb Code     0  startup_stm32h743xx.o(.text)
    LPTIM4_IRQHandler                        0x08000383   Thumb Code     0  startup_stm32h743xx.o(.text)
    LPTIM5_IRQHandler                        0x08000383   Thumb Code     0  startup_stm32h743xx.o(.text)
    LPUART1_IRQHandler                       0x08000383   Thumb Code     0  startup_stm32h743xx.o(.text)
    LTDC_ER_IRQHandler                       0x08000383   Thumb Code     0  startup_stm32h743xx.o(.text)
    LTDC_IRQHandler                          0x08000383   Thumb Code     0  startup_stm32h743xx.o(.text)
    MDIOS_IRQHandler                         0x08000383   Thumb Code     0  startup_stm32h743xx.o(.text)
    MDIOS_WKUP_IRQHandler                    0x08000383   Thumb Code     0  startup_stm32h743xx.o(.text)
    MDMA_IRQHandler                          0x08000383   Thumb Code     0  startup_stm32h743xx.o(.text)
    OTG_FS_EP1_IN_IRQHandler                 0x08000383   Thumb Code     0  startup_stm32h743xx.o(.text)
    OTG_FS_EP1_OUT_IRQHandler                0x08000383   Thumb Code     0  startup_stm32h743xx.o(.text)
    OTG_FS_IRQHandler                        0x08000383   Thumb Code     0  startup_stm32h743xx.o(.text)
    OTG_FS_WKUP_IRQHandler                   0x08000383   Thumb Code     0  startup_stm32h743xx.o(.text)
    OTG_HS_EP1_IN_IRQHandler                 0x08000383   Thumb Code     0  startup_stm32h743xx.o(.text)
    OTG_HS_EP1_OUT_IRQHandler                0x08000383   Thumb Code     0  startup_stm32h743xx.o(.text)
    OTG_HS_IRQHandler                        0x08000383   Thumb Code     0  startup_stm32h743xx.o(.text)
    OTG_HS_WKUP_IRQHandler                   0x08000383   Thumb Code     0  startup_stm32h743xx.o(.text)
    PVD_AVD_IRQHandler                       0x08000383   Thumb Code     0  startup_stm32h743xx.o(.text)
    QUADSPI_IRQHandler                       0x08000383   Thumb Code     0  startup_stm32h743xx.o(.text)
    RCC_IRQHandler                           0x08000383   Thumb Code     0  startup_stm32h743xx.o(.text)
    RNG_IRQHandler                           0x08000383   Thumb Code     0  startup_stm32h743xx.o(.text)
    RTC_Alarm_IRQHandler                     0x08000383   Thumb Code     0  startup_stm32h743xx.o(.text)
    RTC_WKUP_IRQHandler                      0x08000383   Thumb Code     0  startup_stm32h743xx.o(.text)
    SAI1_IRQHandler                          0x08000383   Thumb Code     0  startup_stm32h743xx.o(.text)
    SAI2_IRQHandler                          0x08000383   Thumb Code     0  startup_stm32h743xx.o(.text)
    SAI3_IRQHandler                          0x08000383   Thumb Code     0  startup_stm32h743xx.o(.text)
    SAI4_IRQHandler                          0x08000383   Thumb Code     0  startup_stm32h743xx.o(.text)
    SDMMC1_IRQHandler                        0x08000383   Thumb Code     0  startup_stm32h743xx.o(.text)
    SDMMC2_IRQHandler                        0x08000383   Thumb Code     0  startup_stm32h743xx.o(.text)
    SPDIF_RX_IRQHandler                      0x08000383   Thumb Code     0  startup_stm32h743xx.o(.text)
    SPI1_IRQHandler                          0x08000383   Thumb Code     0  startup_stm32h743xx.o(.text)
    SPI2_IRQHandler                          0x08000383   Thumb Code     0  startup_stm32h743xx.o(.text)
    SPI3_IRQHandler                          0x08000383   Thumb Code     0  startup_stm32h743xx.o(.text)
    SPI4_IRQHandler                          0x08000383   Thumb Code     0  startup_stm32h743xx.o(.text)
    SPI5_IRQHandler                          0x08000383   Thumb Code     0  startup_stm32h743xx.o(.text)
    SPI6_IRQHandler                          0x08000383   Thumb Code     0  startup_stm32h743xx.o(.text)
    SWPMI1_IRQHandler                        0x08000383   Thumb Code     0  startup_stm32h743xx.o(.text)
    TAMP_STAMP_IRQHandler                    0x08000383   Thumb Code     0  startup_stm32h743xx.o(.text)
    TIM15_IRQHandler                         0x08000383   Thumb Code     0  startup_stm32h743xx.o(.text)
    TIM16_IRQHandler                         0x08000383   Thumb Code     0  startup_stm32h743xx.o(.text)
    TIM17_IRQHandler                         0x08000383   Thumb Code     0  startup_stm32h743xx.o(.text)
    TIM1_BRK_IRQHandler                      0x08000383   Thumb Code     0  startup_stm32h743xx.o(.text)
    TIM1_CC_IRQHandler                       0x08000383   Thumb Code     0  startup_stm32h743xx.o(.text)
    TIM1_TRG_COM_IRQHandler                  0x08000383   Thumb Code     0  startup_stm32h743xx.o(.text)
    TIM2_IRQHandler                          0x08000383   Thumb Code     0  startup_stm32h743xx.o(.text)
    TIM3_IRQHandler                          0x08000383   Thumb Code     0  startup_stm32h743xx.o(.text)
    TIM4_IRQHandler                          0x08000383   Thumb Code     0  startup_stm32h743xx.o(.text)
    TIM6_DAC_IRQHandler                      0x08000383   Thumb Code     0  startup_stm32h743xx.o(.text)
    TIM8_BRK_TIM12_IRQHandler                0x08000383   Thumb Code     0  startup_stm32h743xx.o(.text)
    TIM8_CC_IRQHandler                       0x08000383   Thumb Code     0  startup_stm32h743xx.o(.text)
    TIM8_TRG_COM_TIM14_IRQHandler            0x08000383   Thumb Code     0  startup_stm32h743xx.o(.text)
    TIM8_UP_TIM13_IRQHandler                 0x08000383   Thumb Code     0  startup_stm32h743xx.o(.text)
    UART4_IRQHandler                         0x08000383   Thumb Code     0  startup_stm32h743xx.o(.text)
    UART5_IRQHandler                         0x08000383   Thumb Code     0  startup_stm32h743xx.o(.text)
    UART7_IRQHandler                         0x08000383   Thumb Code     0  startup_stm32h743xx.o(.text)
    UART8_IRQHandler                         0x08000383   Thumb Code     0  startup_stm32h743xx.o(.text)
    USART1_IRQHandler                        0x08000383   Thumb Code     0  startup_stm32h743xx.o(.text)
    USART2_IRQHandler                        0x08000383   Thumb Code     0  startup_stm32h743xx.o(.text)
    USART3_IRQHandler                        0x08000383   Thumb Code     0  startup_stm32h743xx.o(.text)
    USART6_IRQHandler                        0x08000383   Thumb Code     0  startup_stm32h743xx.o(.text)
    WAKEUP_PIN_IRQHandler                    0x08000383   Thumb Code     0  startup_stm32h743xx.o(.text)
    WWDG_IRQHandler                          0x08000383   Thumb Code     0  startup_stm32h743xx.o(.text)
    __user_initial_stackheap                 0x08000385   Thumb Code     0  startup_stm32h743xx.o(.text)
    __aeabi_uldivmod                         0x080003ad   Thumb Code     0  lludivv7m.o(.text)
    _ll_udiv                                 0x080003ad   Thumb Code   240  lludivv7m.o(.text)
    __aeabi_memclr4                          0x0800049d   Thumb Code     0  rt_memclr_w.o(.text)
    __aeabi_memclr8                          0x0800049d   Thumb Code     0  rt_memclr_w.o(.text)
    __rt_memclr_w                            0x0800049d   Thumb Code     0  rt_memclr_w.o(.text)
    _memset_w                                0x080004a1   Thumb Code    74  rt_memclr_w.o(.text)
    __use_two_region_memory                  0x080004eb   Thumb Code     2  heapauxi.o(.text)
    __rt_heap_escrow$2region                 0x080004ed   Thumb Code     2  heapauxi.o(.text)
    __rt_heap_expand$2region                 0x080004ef   Thumb Code     2  heapauxi.o(.text)
    __read_errno                             0x080004f1   Thumb Code    10  _rserrno.o(.text)
    __set_errno                              0x080004fb   Thumb Code    12  _rserrno.o(.text)
    __aeabi_errno_addr                       0x08000509   Thumb Code     8  rt_errno_addr_intlibspace.o(.text)
    __errno$intlibspace                      0x08000509   Thumb Code     0  rt_errno_addr_intlibspace.o(.text)
    __rt_errno_addr$intlibspace              0x08000509   Thumb Code     0  rt_errno_addr_intlibspace.o(.text)
    __user_libspace                          0x08000511   Thumb Code     8  libspace.o(.text)
    __user_perproc_libspace                  0x08000511   Thumb Code     0  libspace.o(.text)
    __user_perthread_libspace                0x08000511   Thumb Code     0  libspace.o(.text)
    __user_setup_stackheap                   0x08000519   Thumb Code    74  sys_stackheap_outer.o(.text)
    exit                                     0x08000563   Thumb Code    18  exit.o(.text)
    _sys_exit                                0x08000575   Thumb Code     8  sys_exit.o(.text)
    __I$use$semihosting                      0x08000581   Thumb Code     0  use_no_semi.o(.text)
    __use_no_semihosting_swi                 0x08000581   Thumb Code     2  use_no_semi.o(.text)
    __semihosting_library_function           0x08000583   Thumb Code     0  indicate_semi.o(.text)
    ADC_ConfigureBoostMode                   0x08000589   Thumb Code   536  stm32h7xx_hal_adc.o(.text.ADC_ConfigureBoostMode)
    ADC_Enable                               0x080007a1   Thumb Code   328  stm32h7xx_hal_adc.o(.text.ADC_Enable)
    ADC_IRQHandler                           0x080008e9   Thumb Code    16  stm32h7xx_it.o(.text.ADC_IRQHandler)
    BusFault_Handler                         0x080008f9   Thumb Code     4  stm32h7xx_it.o(.text.BusFault_Handler)
    DebugMon_Handler                         0x08000901   Thumb Code     2  stm32h7xx_it.o(.text.DebugMon_Handler)
    Error_Handler                            0x08000909   Thumb Code    14  main.o(.text.Error_Handler)
    ExitRun0Mode                             0x08000919   Thumb Code    40  system_stm32h7xx.o(.text.ExitRun0Mode)
    FOC_AntiPark                             0x08000941   Thumb Code   156  foc.o(.text.FOC_AntiPark)
    FOC_Clark                                0x080009e1   Thumb Code    68  foc.o(.text.FOC_Clark)
    FOC_Park                                 0x08000a29   Thumb Code   156  foc.o(.text.FOC_Park)
    FOC_SectorCCRCaculate                    0x08000ac9   Thumb Code   616  foc.o(.text.FOC_SectorCCRCaculate)
    FOC_SectorJudege                         0x08000d41   Thumb Code   328  foc.o(.text.FOC_SectorJudege)
    FOC_VectorCaculate                       0x08000e91   Thumb Code   800  foc.o(.text.FOC_VectorCaculate)
    HALL_Init                                0x080011c9   Thumb Code    16  hall.o(.text.HALL_Init)
    HAL_ADCEx_DisableInjectedQueue           0x080011d9   Thumb Code    74  stm32h7xx_hal_adc_ex.o(.text.HAL_ADCEx_DisableInjectedQueue)
    HAL_ADCEx_EndOfSamplingCallback          0x08001229   Thumb Code     8  stm32h7xx_hal_adc_ex.o(.text.HAL_ADCEx_EndOfSamplingCallback)
    HAL_ADCEx_InjectedConfigChannel          0x08001231   Thumb Code  3210  stm32h7xx_hal_adc_ex.o(.text.HAL_ADCEx_InjectedConfigChannel)
    HAL_ADCEx_InjectedConvCpltCallback       0x08001ec1   Thumb Code   284  main.o(.text.HAL_ADCEx_InjectedConvCpltCallback)
    HAL_ADCEx_InjectedQueueOverflowCallback  0x08001fe1   Thumb Code     8  stm32h7xx_hal_adc_ex.o(.text.HAL_ADCEx_InjectedQueueOverflowCallback)
    HAL_ADCEx_InjectedStart_IT               0x08001fe9   Thumb Code   578  stm32h7xx_hal_adc_ex.o(.text.HAL_ADCEx_InjectedStart_IT)
    HAL_ADCEx_LevelOutOfWindow2Callback      0x08002231   Thumb Code     8  stm32h7xx_hal_adc_ex.o(.text.HAL_ADCEx_LevelOutOfWindow2Callback)
    HAL_ADCEx_LevelOutOfWindow3Callback      0x08002239   Thumb Code     8  stm32h7xx_hal_adc_ex.o(.text.HAL_ADCEx_LevelOutOfWindow3Callback)
    HAL_ADCEx_MultiModeConfigChannel         0x08002241   Thumb Code   658  stm32h7xx_hal_adc_ex.o(.text.HAL_ADCEx_MultiModeConfigChannel)
    HAL_ADC_ConfigChannel                    0x080024d9   Thumb Code  2162  stm32h7xx_hal_adc.o(.text.HAL_ADC_ConfigChannel)
    HAL_ADC_ConvCpltCallback                 0x08002d51   Thumb Code     8  stm32h7xx_hal_adc.o(.text.HAL_ADC_ConvCpltCallback)
    HAL_ADC_ErrorCallback                    0x08002d59   Thumb Code     8  stm32h7xx_hal_adc.o(.text.HAL_ADC_ErrorCallback)
    HAL_ADC_IRQHandler                       0x08002d61   Thumb Code  1336  stm32h7xx_hal_adc.o(.text.HAL_ADC_IRQHandler)
    HAL_ADC_Init                             0x08003299   Thumb Code   968  stm32h7xx_hal_adc.o(.text.HAL_ADC_Init)
    HAL_ADC_LevelOutOfWindowCallback         0x08003661   Thumb Code     8  stm32h7xx_hal_adc.o(.text.HAL_ADC_LevelOutOfWindowCallback)
    HAL_ADC_MspInit                          0x08003669   Thumb Code   326  adc.o(.text.HAL_ADC_MspInit)
    HAL_GPIO_Init                            0x080037b1   Thumb Code   964  stm32h7xx_hal_gpio.o(.text.HAL_GPIO_Init)
    HAL_GPIO_ReadPin                         0x08003b79   Thumb Code    46  stm32h7xx_hal_gpio.o(.text.HAL_GPIO_ReadPin)
    HAL_GPIO_WritePin                        0x08003ba9   Thumb Code    46  stm32h7xx_hal_gpio.o(.text.HAL_GPIO_WritePin)
    HAL_GetREVID                             0x08003bd9   Thumb Code    14  stm32h7xx_hal.o(.text.HAL_GetREVID)
    HAL_GetTick                              0x08003be9   Thumb Code    12  stm32h7xx_hal.o(.text.HAL_GetTick)
    HAL_IncTick                              0x08003bf9   Thumb Code    26  stm32h7xx_hal.o(.text.HAL_IncTick)
    HAL_Init                                 0x08003c19   Thumb Code   122  stm32h7xx_hal.o(.text.HAL_Init)
    HAL_InitTick                             0x08003c99   Thumb Code   134  stm32h7xx_hal.o(.text.HAL_InitTick)
    HAL_MPU_ConfigRegion                     0x08003d21   Thumb Code   128  stm32h7xx_hal_cortex.o(.text.HAL_MPU_ConfigRegion)
    HAL_MPU_Disable                          0x08003da1   Thumb Code    34  stm32h7xx_hal_cortex.o(.text.HAL_MPU_Disable)
    HAL_MPU_Enable                           0x08003dc9   Thumb Code    48  stm32h7xx_hal_cortex.o(.text.HAL_MPU_Enable)
    HAL_MspInit                              0x08003df9   Thumb Code    44  stm32h7xx_hal_msp.o(.text.HAL_MspInit)
    HAL_NVIC_EnableIRQ                       0x08003e29   Thumb Code    20  stm32h7xx_hal_cortex.o(.text.HAL_NVIC_EnableIRQ)
    HAL_NVIC_SetPriority                     0x08003e41   Thumb Code    46  stm32h7xx_hal_cortex.o(.text.HAL_NVIC_SetPriority)
    HAL_NVIC_SetPriorityGrouping             0x08003e71   Thumb Code    16  stm32h7xx_hal_cortex.o(.text.HAL_NVIC_SetPriorityGrouping)
    HAL_PWREx_ConfigSupply                   0x08003e81   Thumb Code   162  stm32h7xx_hal_pwr_ex.o(.text.HAL_PWREx_ConfigSupply)
    HAL_RCCEx_GetD3PCLK1Freq                 0x08003f29   Thumb Code    38  stm32h7xx_hal_rcc_ex.o(.text.HAL_RCCEx_GetD3PCLK1Freq)
    HAL_RCCEx_GetPLL1ClockFreq               0x08003f51   Thumb Code   648  stm32h7xx_hal_rcc_ex.o(.text.HAL_RCCEx_GetPLL1ClockFreq)
    HAL_RCCEx_GetPLL2ClockFreq               0x080041e9   Thumb Code   648  stm32h7xx_hal_rcc_ex.o(.text.HAL_RCCEx_GetPLL2ClockFreq)
    HAL_RCCEx_GetPLL3ClockFreq               0x08004481   Thumb Code   648  stm32h7xx_hal_rcc_ex.o(.text.HAL_RCCEx_GetPLL3ClockFreq)
    HAL_RCCEx_GetPeriphCLKFreq               0x08004719   Thumb Code  3146  stm32h7xx_hal_rcc_ex.o(.text.HAL_RCCEx_GetPeriphCLKFreq)
    HAL_RCCEx_PeriphCLKConfig                0x08005369   Thumb Code  4256  stm32h7xx_hal_rcc_ex.o(.text.HAL_RCCEx_PeriphCLKConfig)
    HAL_RCC_ClockConfig                      0x08006409   Thumb Code  1176  stm32h7xx_hal_rcc.o(.text.HAL_RCC_ClockConfig)
    HAL_RCC_GetHCLKFreq                      0x080068a1   Thumb Code    86  stm32h7xx_hal_rcc.o(.text.HAL_RCC_GetHCLKFreq)
    HAL_RCC_GetPCLK1Freq                     0x080068f9   Thumb Code    38  stm32h7xx_hal_rcc.o(.text.HAL_RCC_GetPCLK1Freq)
    HAL_RCC_GetPCLK2Freq                     0x08006921   Thumb Code    38  stm32h7xx_hal_rcc.o(.text.HAL_RCC_GetPCLK2Freq)
    HAL_RCC_GetSysClockFreq                  0x08006949   Thumb Code   748  stm32h7xx_hal_rcc.o(.text.HAL_RCC_GetSysClockFreq)
    HAL_RCC_OscConfig                        0x08006c49   Thumb Code  2904  stm32h7xx_hal_rcc.o(.text.HAL_RCC_OscConfig)
    HAL_SYSTICK_Config                       0x080077a1   Thumb Code    16  stm32h7xx_hal_cortex.o(.text.HAL_SYSTICK_Config)
    HAL_TIMEx_Break2Callback                 0x080077b1   Thumb Code     8  stm32h7xx_hal_tim_ex.o(.text.HAL_TIMEx_Break2Callback)
    HAL_TIMEx_BreakCallback                  0x080077b9   Thumb Code     8  stm32h7xx_hal_tim_ex.o(.text.HAL_TIMEx_BreakCallback)
    HAL_TIMEx_CommutCallback                 0x080077c1   Thumb Code     8  stm32h7xx_hal_tim_ex.o(.text.HAL_TIMEx_CommutCallback)
    HAL_TIMEx_ConfigBreakDeadTime            0x080077c9   Thumb Code   274  stm32h7xx_hal_tim_ex.o(.text.HAL_TIMEx_ConfigBreakDeadTime)
    HAL_TIMEx_HallSensor_Init                0x080078e1   Thumb Code   292  stm32h7xx_hal_tim_ex.o(.text.HAL_TIMEx_HallSensor_Init)
    HAL_TIMEx_HallSensor_MspInit             0x08007a09   Thumb Code     8  stm32h7xx_hal_tim_ex.o(.text.HAL_TIMEx_HallSensor_MspInit)
    HAL_TIMEx_HallSensor_Start_IT            0x08007a11   Thumb Code   360  stm32h7xx_hal_tim_ex.o(.text.HAL_TIMEx_HallSensor_Start_IT)
    HAL_TIMEx_MasterConfigSynchronization    0x08007b79   Thumb Code   344  stm32h7xx_hal_tim_ex.o(.text.HAL_TIMEx_MasterConfigSynchronization)
    HAL_TIMEx_PWMN_Start                     0x08007cd1   Thumb Code   416  stm32h7xx_hal_tim_ex.o(.text.HAL_TIMEx_PWMN_Start)
    HAL_TIM_Base_Init                        0x08007e71   Thumb Code   168  stm32h7xx_hal_tim.o(.text.HAL_TIM_Base_Init)
    HAL_TIM_Base_MspInit                     0x08007f19   Thumb Code   292  tim.o(.text.HAL_TIM_Base_MspInit)
    HAL_TIM_Base_Start_IT                    0x08008041   Thumb Code   260  stm32h7xx_hal_tim.o(.text.HAL_TIM_Base_Start_IT)
    HAL_TIM_ConfigClockSource                0x08008149   Thumb Code   464  stm32h7xx_hal_tim.o(.text.HAL_TIM_ConfigClockSource)
    HAL_TIM_IC_CaptureCallback               0x08008319   Thumb Code   348  hall.o(.text.HAL_TIM_IC_CaptureCallback)
    HAL_TIM_IRQHandler                       0x08008481   Thumb Code   592  stm32h7xx_hal_tim.o(.text.HAL_TIM_IRQHandler)
    HAL_TIM_MspPostInit                      0x080086d1   Thumb Code   104  tim.o(.text.HAL_TIM_MspPostInit)
    HAL_TIM_OC_DelayElapsedCallback          0x08008739   Thumb Code     8  stm32h7xx_hal_tim.o(.text.HAL_TIM_OC_DelayElapsedCallback)
    HAL_TIM_PWM_ConfigChannel                0x08008741   Thumb Code   432  stm32h7xx_hal_tim.o(.text.HAL_TIM_PWM_ConfigChannel)
    HAL_TIM_PWM_Init                         0x080088f1   Thumb Code   168  stm32h7xx_hal_tim.o(.text.HAL_TIM_PWM_Init)
    HAL_TIM_PWM_MspInit                      0x08008999   Thumb Code     8  stm32h7xx_hal_tim.o(.text.HAL_TIM_PWM_MspInit)
    HAL_TIM_PWM_PulseFinishedCallback        0x080089a1   Thumb Code     8  stm32h7xx_hal_tim.o(.text.HAL_TIM_PWM_PulseFinishedCallback)
    HAL_TIM_PWM_Start                        0x080089a9   Thumb Code   638  stm32h7xx_hal_tim.o(.text.HAL_TIM_PWM_Start)
    HAL_TIM_PeriodElapsedCallback            0x08008c29   Thumb Code    26  hall.o(.text.HAL_TIM_PeriodElapsedCallback)
    HAL_TIM_ReadCapturedValue                0x08008c49   Thumb Code    86  stm32h7xx_hal_tim.o(.text.HAL_TIM_ReadCapturedValue)
    HAL_TIM_TriggerCallback                  0x08008ca1   Thumb Code     8  stm32h7xx_hal_tim.o(.text.HAL_TIM_TriggerCallback)
    HAL_UARTEx_DisableFifoMode               0x08008ca9   Thumb Code   124  stm32h7xx_hal_uart_ex.o(.text.HAL_UARTEx_DisableFifoMode)
    HAL_UARTEx_SetRxFifoThreshold            0x08008d29   Thumb Code   140  stm32h7xx_hal_uart_ex.o(.text.HAL_UARTEx_SetRxFifoThreshold)
    HAL_UARTEx_SetTxFifoThreshold            0x08008db9   Thumb Code   140  stm32h7xx_hal_uart_ex.o(.text.HAL_UARTEx_SetTxFifoThreshold)
    HAL_UART_Init                            0x08008e49   Thumb Code   170  stm32h7xx_hal_uart.o(.text.HAL_UART_Init)
    HAL_UART_MspInit                         0x08008ef9   Thumb Code   170  usart.o(.text.HAL_UART_MspInit)
    HAL_UART_Transmit                        0x08008fa9   Thumb Code   312  stm32h7xx_hal_uart.o(.text.HAL_UART_Transmit)
    HardFault_Handler                        0x080090e1   Thumb Code     4  stm32h7xx_it.o(.text.HardFault_Handler)
    MX_ADC1_Init                             0x08009631   Thumb Code   374  adc.o(.text.MX_ADC1_Init)
    MX_GPIO_Init                             0x080097a9   Thumb Code   246  gpio.o(.text.MX_GPIO_Init)
    MX_TIM1_Init                             0x080098a1   Thumb Code   386  tim.o(.text.MX_TIM1_Init)
    MX_TIM5_Init                             0x08009a29   Thumb Code   182  tim.o(.text.MX_TIM5_Init)
    MX_TIM7_Init                             0x08009ae1   Thumb Code    94  tim.o(.text.MX_TIM7_Init)
    MX_USART1_UART_Init                      0x08009b41   Thumb Code   146  usart.o(.text.MX_USART1_UART_Init)
    MemManage_Handler                        0x08009bd9   Thumb Code     4  stm32h7xx_it.o(.text.MemManage_Handler)
    NMI_Handler                              0x08009be1   Thumb Code     4  stm32h7xx_it.o(.text.NMI_Handler)
    PID_Update                               0x08009c59   Thumb Code   184  pid.o(.text.PID_Update)
    PMSM_BoadEnable                          0x08009d11   Thumb Code    22  pmsm.o(.text.PMSM_BoadEnable)
    PMSM_Init                                0x08009d29   Thumb Code    96  pmsm.o(.text.PMSM_Init)
    PMSM_MotorSample                         0x08009d89   Thumb Code   572  pmsm.o(.text.PMSM_MotorSample)
    PendSV_Handler                           0x08009fe1   Thumb Code     2  stm32h7xx_it.o(.text.PendSV_Handler)
    SVC_Handler                              0x0800a389   Thumb Code     2  stm32h7xx_it.o(.text.SVC_Handler)
    SysTick_Handler                          0x0800a3e9   Thumb Code     8  stm32h7xx_it.o(.text.SysTick_Handler)
    SystemClock_Config                       0x0800a3f1   Thumb Code   230  main.o(.text.SystemClock_Config)
    SystemInit                               0x0800a4d9   Thumb Code   396  system_stm32h7xx.o(.text.SystemInit)
    TIM1_UP_IRQHandler                       0x0800a669   Thumb Code    16  stm32h7xx_it.o(.text.TIM1_UP_IRQHandler)
    TIM5_IRQHandler                          0x0800a679   Thumb Code    16  stm32h7xx_it.o(.text.TIM5_IRQHandler)
    TIM7_IRQHandler                          0x0800a689   Thumb Code    16  stm32h7xx_it.o(.text.TIM7_IRQHandler)
    TIM_Base_SetConfig                       0x0800a699   Thumb Code   420  stm32h7xx_hal_tim.o(.text.TIM_Base_SetConfig)
    TIM_CCxChannelCmd                        0x0800a841   Thumb Code    54  stm32h7xx_hal_tim.o(.text.TIM_CCxChannelCmd)
    TIM_ETR_SetConfig                        0x0800a8b1   Thumb Code    52  stm32h7xx_hal_tim.o(.text.TIM_ETR_SetConfig)
    TIM_OC2_SetConfig                        0x0800aa69   Thumb Code   364  stm32h7xx_hal_tim.o(.text.TIM_OC2_SetConfig)
    TIM_TI1_SetConfig                        0x0800b021   Thumb Code   278  stm32h7xx_hal_tim.o(.text.TIM_TI1_SetConfig)
    UART_AdvFeatureConfig                    0x0800b219   Thumb Code   328  stm32h7xx_hal_uart.o(.text.UART_AdvFeatureConfig)
    UART_CheckIdleState                      0x0800b361   Thumb Code   326  stm32h7xx_hal_uart.o(.text.UART_CheckIdleState)
    UART_SetConfig                           0x0800b549   Thumb Code  2338  stm32h7xx_hal_uart.o(.text.UART_SetConfig)
    UART_WaitOnFlagUntilTimeout              0x0800be71   Thumb Code   268  stm32h7xx_hal_uart.o(.text.UART_WaitOnFlagUntilTimeout)
    UsageFault_Handler                       0x0800bf81   Thumb Code     4  stm32h7xx_it.o(.text.UsageFault_Handler)
    VOFA_JustFloat_Send3                     0x0800bf89   Thumb Code    84  usart.o(.text.VOFA_JustFloat_Send3)
    main                                     0x0800c0a9   Thumb Code    98  main.o(.text.main)
    __ARM_fpclassifyf                        0x0800c10b   Thumb Code    38  fpclassifyf.o(i.__ARM_fpclassifyf)
    __hardfp_cosf                            0x0800c131   Thumb Code   280  cosf.o(i.__hardfp_cosf)
    __hardfp_sinf                            0x0800c281   Thumb Code   344  sinf.o(i.__hardfp_sinf)
    __hardfp_sqrt                            0x0800c411   Thumb Code   122  sqrt.o(i.__hardfp_sqrt)
    __hardfp_sqrtf                           0x0800c48b   Thumb Code    58  sqrtf.o(i.__hardfp_sqrtf)
    __mathlib_flt_infnan                     0x0800c4c5   Thumb Code     6  funder.o(i.__mathlib_flt_infnan)
    __mathlib_flt_invalid                    0x0800c4cd   Thumb Code    10  funder.o(i.__mathlib_flt_invalid)
    __mathlib_flt_underflow                  0x0800c4dd   Thumb Code    10  funder.o(i.__mathlib_flt_underflow)
    __mathlib_rredf2                         0x0800c4ed   Thumb Code   316  rredf.o(i.__mathlib_rredf2)
    __aeabi_d2f                              0x0800c641   Thumb Code     0  d2f.o(x$fpl$d2f)
    _d2f                                     0x0800c641   Thumb Code    98  d2f.o(x$fpl$d2f)
    __aeabi_dadd                             0x0800c6a5   Thumb Code     0  daddsub_clz.o(x$fpl$dadd)
    _dadd                                    0x0800c6a5   Thumb Code   332  daddsub_clz.o(x$fpl$dadd)
    __aeabi_ddiv                             0x0800c7f5   Thumb Code     0  ddiv.o(x$fpl$ddiv)
    _ddiv                                    0x0800c7f5   Thumb Code   560  ddiv.o(x$fpl$ddiv)
    __aeabi_dmul                             0x0800caad   Thumb Code     0  dmul.o(x$fpl$dmul)
    _dmul                                    0x0800caad   Thumb Code   332  dmul.o(x$fpl$dmul)
    __fpl_dnaninf                            0x0800cc01   Thumb Code   156  dnaninf.o(x$fpl$dnaninf)
    __fpl_dretinf                            0x0800cc9d   Thumb Code    12  dretinf.o(x$fpl$dretinf)
    _dsqrt                                   0x0800cca9   Thumb Code   404  dsqrt_umaal.o(x$fpl$dsqrt)
    __aeabi_dsub                             0x0800ce41   Thumb Code     0  daddsub_clz.o(x$fpl$dsub)
    _dsub                                    0x0800ce41   Thumb Code   472  daddsub_clz.o(x$fpl$dsub)
    __aeabi_f2d                              0x0800d01d   Thumb Code     0  f2d.o(x$fpl$f2d)
    _f2d                                     0x0800d01d   Thumb Code    86  f2d.o(x$fpl$f2d)
    __fpl_fnaninf                            0x0800d073   Thumb Code   140  fnaninf.o(x$fpl$fnaninf)
    _fp_init                                 0x0800d0ff   Thumb Code    26  fpinit.o(x$fpl$fpinit)
    __fplib_config_fpu_vfp                   0x0800d117   Thumb Code     0  fpinit.o(x$fpl$fpinit)
    __fplib_config_pureend_doubles           0x0800d117   Thumb Code     0  fpinit.o(x$fpl$fpinit)
    __fpl_fretinf                            0x0800d119   Thumb Code    10  fretinf.o(x$fpl$fretinf)
    __I$use$fp                               0x0800d122   Number         0  usenofp.o(x$fpl$usenofp)
    D1CorePrescTable                         0x0800d144   Data          16  system_stm32h7xx.o(.rodata.D1CorePrescTable)
    UARTPrescTable                           0x0800d164   Data          24  stm32h7xx_hal_uart.o(.rodata.UARTPrescTable)
    Region$$Table$$Base                      0x0800d17c   Number         0  anon$$obj.o(Region$$Table)
    Region$$Table$$Limit                     0x0800d19c   Number         0  anon$$obj.o(Region$$Table)
    CurrentLoopID                            0x24000000   Data          44  global_varibles.o(.data.CurrentLoopID)
    CurrentLoopIQ                            0x2400002c   Data          44  global_varibles.o(.data.CurrentLoopIQ)
    OpenLoopUdq                              0x24000058   Data           8  global_varibles.o(.data.OpenLoopUdq)
    SystemCoreClock                          0x24000060   Data           4  system_stm32h7xx.o(.data.SystemCoreClock)
    SystemD2Clock                            0x24000064   Data           4  system_stm32h7xx.o(.data.SystemD2Clock)
    uwTickFreq                               0x24000068   Data           1  stm32h7xx_hal.o(.data.uwTickFreq)
    uwTickPrio                               0x2400006c   Data           4  stm32h7xx_hal.o(.data.uwTickPrio)
    __libspace_start                         0x24000070   Data          96  libspace.o(.bss)
    ADCInjectBuff                            0x240000d0   Data           6  global_varibles.o(.bss.ADCInjectBuff)
    __temporary_stack_top$libspace           0x240000d0   Data           0  libspace.o(.bss)
    Curr_Sample                              0x240000d8   Data          12  global_varibles.o(.bss.Curr_Sample)
    Current_Offset                           0x240000e4   Data          12  global_varibles.o(.bss.Current_Offset)
    Elec_Angle                               0x240000f0   Data           4  global_varibles.o(.bss.Elec_Angle)
    FeedbackCalrk                            0x240000f4   Data           8  global_varibles.o(.bss.FeedbackCalrk)
    FeedbackParkI                            0x240000fc   Data           8  global_varibles.o(.bss.FeedbackParkI)
    HALL                                     0x24000104   Data          36  global_varibles.o(.bss.HALL)
    Mech_Angle                               0x24000128   Data           4  global_varibles.o(.bss.Mech_Angle)
    N                                        0x2400012c   Data           1  global_varibles.o(.bss.N)
    OpenLoopUalbe                            0x24000130   Data           8  global_varibles.o(.bss.OpenLoopUalbe)
    Sector_CCR                               0x24000138   Data          12  global_varibles.o(.bss.Sector_CCR)
    StatorFilter_Ia                          0x24000144   Data           4  global_varibles.o(.bss.StatorFilter_Ia)
    StatorFilter_Ib                          0x24000148   Data           4  global_varibles.o(.bss.StatorFilter_Ib)
    StatorFilter_Ic                          0x2400014c   Data           4  global_varibles.o(.bss.StatorFilter_Ic)
    StatorI                                  0x24000150   Data          12  global_varibles.o(.bss.StatorI)
    Vector_Dura                              0x2400015c   Data           8  global_varibles.o(.bss.Vector_Dura)
    hadc1                                    0x24000164   Data         100  adc.o(.bss.hadc1)
    htim1                                    0x240001c8   Data          76  tim.o(.bss.htim1)
    htim5                                    0x24000214   Data          76  tim.o(.bss.htim5)
    htim7                                    0x24000260   Data          76  tim.o(.bss.htim7)
    huart1                                   0x240002ac   Data         148  usart.o(.bss.huart1)
    uwTick                                   0x24000340   Data           4  stm32h7xx_hal.o(.bss.uwTick)



==============================================================================

Memory Map of the image

  Image Entry point : 0x08000299

  Load Region LR_IROM1 (Base: 0x08000000, Size: 0x0000d210, Max: 0x00200000, ABSOLUTE)

    Execution Region ER_IROM1 (Exec base: 0x08000000, Load base: 0x08000000, Size: 0x0000d19c, Max: 0x00200000, ABSOLUTE)

    Exec Addr    Load Addr    Size         Type   Attr      Idx    E Section Name        Object

    0x08000000   0x08000000   0x00000298   Data   RO            3    RESET               startup_stm32h743xx.o
    0x08000298   0x08000298   0x00000008   Code   RO         3976  * !!!main             c_w.l(__main.o)
    0x080002a0   0x080002a0   0x0000005c   Code   RO         4353    !!!scatter          c_w.l(__scatter.o)
    0x080002fc   0x080002fc   0x0000001a   Code   RO         4357    !!handler_copy      c_w.l(__scatter_copy.o)
    0x08000316   0x08000316   0x00000002   PAD
    0x08000318   0x08000318   0x00000002   Code   RO         4354    !!handler_null      c_w.l(__scatter.o)
    0x0800031a   0x0800031a   0x00000002   PAD
    0x0800031c   0x0800031c   0x0000001c   Code   RO         4359    !!handler_zi        c_w.l(__scatter_zi.o)
    0x08000338   0x08000338   0x00000002   Code   RO         4218    .ARM.Collect$$libinit$$00000000  c_w.l(libinit.o)
    0x0800033a   0x0800033a   0x00000004   Code   RO         4227    .ARM.Collect$$libinit$$00000001  c_w.l(libinit2.o)
    0x0800033e   0x0800033e   0x00000000   Code   RO         4230    .ARM.Collect$$libinit$$00000004  c_w.l(libinit2.o)
    0x0800033e   0x0800033e   0x00000000   Code   RO         4232    .ARM.Collect$$libinit$$00000006  c_w.l(libinit2.o)
    0x0800033e   0x0800033e   0x00000000   Code   RO         4235    .ARM.Collect$$libinit$$0000000C  c_w.l(libinit2.o)
    0x0800033e   0x0800033e   0x00000000   Code   RO         4237    .ARM.Collect$$libinit$$0000000E  c_w.l(libinit2.o)
    0x0800033e   0x0800033e   0x00000000   Code   RO         4239    .ARM.Collect$$libinit$$00000010  c_w.l(libinit2.o)
    0x0800033e   0x0800033e   0x00000000   Code   RO         4242    .ARM.Collect$$libinit$$00000013  c_w.l(libinit2.o)
    0x0800033e   0x0800033e   0x00000000   Code   RO         4244    .ARM.Collect$$libinit$$00000015  c_w.l(libinit2.o)
    0x0800033e   0x0800033e   0x00000000   Code   RO         4246    .ARM.Collect$$libinit$$00000017  c_w.l(libinit2.o)
    0x0800033e   0x0800033e   0x00000000   Code   RO         4248    .ARM.Collect$$libinit$$00000019  c_w.l(libinit2.o)
    0x0800033e   0x0800033e   0x00000000   Code   RO         4250    .ARM.Collect$$libinit$$0000001B  c_w.l(libinit2.o)
    0x0800033e   0x0800033e   0x00000000   Code   RO         4252    .ARM.Collect$$libinit$$0000001D  c_w.l(libinit2.o)
    0x0800033e   0x0800033e   0x00000000   Code   RO         4254    .ARM.Collect$$libinit$$0000001F  c_w.l(libinit2.o)
    0x0800033e   0x0800033e   0x00000000   Code   RO         4256    .ARM.Collect$$libinit$$00000021  c_w.l(libinit2.o)
    0x0800033e   0x0800033e   0x00000000   Code   RO         4258    .ARM.Collect$$libinit$$00000023  c_w.l(libinit2.o)
    0x0800033e   0x0800033e   0x00000000   Code   RO         4260    .ARM.Collect$$libinit$$00000025  c_w.l(libinit2.o)
    0x0800033e   0x0800033e   0x00000000   Code   RO         4262    .ARM.Collect$$libinit$$00000027  c_w.l(libinit2.o)
    0x0800033e   0x0800033e   0x00000000   Code   RO         4266    .ARM.Collect$$libinit$$0000002E  c_w.l(libinit2.o)
    0x0800033e   0x0800033e   0x00000000   Code   RO         4268    .ARM.Collect$$libinit$$00000030  c_w.l(libinit2.o)
    0x0800033e   0x0800033e   0x00000000   Code   RO         4270    .ARM.Collect$$libinit$$00000032  c_w.l(libinit2.o)
    0x0800033e   0x0800033e   0x00000000   Code   RO         4272    .ARM.Collect$$libinit$$00000034  c_w.l(libinit2.o)
    0x0800033e   0x0800033e   0x00000002   Code   RO         4273    .ARM.Collect$$libinit$$00000035  c_w.l(libinit2.o)
    0x08000340   0x08000340   0x00000002   Code   RO         4308    .ARM.Collect$$libshutdown$$00000000  c_w.l(libshutdown.o)
    0x08000342   0x08000342   0x00000000   Code   RO         4336    .ARM.Collect$$libshutdown$$00000002  c_w.l(libshutdown2.o)
    0x08000342   0x08000342   0x00000000   Code   RO         4338    .ARM.Collect$$libshutdown$$00000004  c_w.l(libshutdown2.o)
    0x08000342   0x08000342   0x00000000   Code   RO         4341    .ARM.Collect$$libshutdown$$00000007  c_w.l(libshutdown2.o)
    0x08000342   0x08000342   0x00000000   Code   RO         4344    .ARM.Collect$$libshutdown$$0000000A  c_w.l(libshutdown2.o)
    0x08000342   0x08000342   0x00000000   Code   RO         4346    .ARM.Collect$$libshutdown$$0000000C  c_w.l(libshutdown2.o)
    0x08000342   0x08000342   0x00000000   Code   RO         4349    .ARM.Collect$$libshutdown$$0000000F  c_w.l(libshutdown2.o)
    0x08000342   0x08000342   0x00000002   Code   RO         4350    .ARM.Collect$$libshutdown$$00000010  c_w.l(libshutdown2.o)
    0x08000344   0x08000344   0x00000000   Code   RO         4093    .ARM.Collect$$rtentry$$00000000  c_w.l(__rtentry.o)
    0x08000344   0x08000344   0x00000000   Code   RO         4173    .ARM.Collect$$rtentry$$00000002  c_w.l(__rtentry2.o)
    0x08000344   0x08000344   0x00000006   Code   RO         4185    .ARM.Collect$$rtentry$$00000004  c_w.l(__rtentry4.o)
    0x0800034a   0x0800034a   0x00000000   Code   RO         4175    .ARM.Collect$$rtentry$$00000009  c_w.l(__rtentry2.o)
    0x0800034a   0x0800034a   0x00000004   Code   RO         4176    .ARM.Collect$$rtentry$$0000000A  c_w.l(__rtentry2.o)
    0x0800034e   0x0800034e   0x00000000   Code   RO         4178    .ARM.Collect$$rtentry$$0000000C  c_w.l(__rtentry2.o)
    0x0800034e   0x0800034e   0x00000008   Code   RO         4179    .ARM.Collect$$rtentry$$0000000D  c_w.l(__rtentry2.o)
    0x08000356   0x08000356   0x00000002   Code   RO         4219    .ARM.Collect$$rtexit$$00000000  c_w.l(rtexit.o)
    0x08000358   0x08000358   0x00000000   Code   RO         4279    .ARM.Collect$$rtexit$$00000002  c_w.l(rtexit2.o)
    0x08000358   0x08000358   0x00000004   Code   RO         4280    .ARM.Collect$$rtexit$$00000003  c_w.l(rtexit2.o)
    0x0800035c   0x0800035c   0x00000006   Code   RO         4281    .ARM.Collect$$rtexit$$00000004  c_w.l(rtexit2.o)
    0x08000362   0x08000362   0x00000002   PAD
    0x08000364   0x08000364   0x00000048   Code   RO            4    .text               startup_stm32h743xx.o
    0x080003ac   0x080003ac   0x000000f0   Code   RO         3962    .text               c_w.l(lludivv7m.o)
    0x0800049c   0x0800049c   0x0000004e   Code   RO         3972    .text               c_w.l(rt_memclr_w.o)
    0x080004ea   0x080004ea   0x00000006   Code   RO         3974    .text               c_w.l(heapauxi.o)
    0x080004f0   0x080004f0   0x00000016   Code   RO         4098    .text               c_w.l(_rserrno.o)
    0x08000506   0x08000506   0x00000002   PAD
    0x08000508   0x08000508   0x00000008   Code   RO         4192    .text               c_w.l(rt_errno_addr_intlibspace.o)
    0x08000510   0x08000510   0x00000008   Code   RO         4202    .text               c_w.l(libspace.o)
    0x08000518   0x08000518   0x0000004a   Code   RO         4205    .text               c_w.l(sys_stackheap_outer.o)
    0x08000562   0x08000562   0x00000012   Code   RO         4207    .text               c_w.l(exit.o)
    0x08000574   0x08000574   0x0000000c   Code   RO         4274    .text               c_w.l(sys_exit.o)
    0x08000580   0x08000580   0x00000002   Code   RO         4297    .text               c_w.l(use_no_semi.o)
    0x08000582   0x08000582   0x00000000   Code   RO         4299    .text               c_w.l(indicate_semi.o)
    0x08000582   0x08000582   0x00000006   PAD
    0x08000588   0x08000588   0x00000218   Code   RO          258    .text.ADC_ConfigureBoostMode  stm32h7xx_hal_adc.o
    0x080007a0   0x080007a0   0x00000148   Code   RO          272    .text.ADC_Enable    stm32h7xx_hal_adc.o
    0x080008e8   0x080008e8   0x00000010   Code   RO          215    .text.ADC_IRQHandler  stm32h7xx_it.o
    0x080008f8   0x080008f8   0x00000004   Code   RO          203    .text.BusFault_Handler  stm32h7xx_it.o
    0x080008fc   0x080008fc   0x00000004   PAD
    0x08000900   0x08000900   0x00000002   Code   RO          209    .text.DebugMon_Handler  stm32h7xx_it.o
    0x08000902   0x08000902   0x00000006   PAD
    0x08000908   0x08000908   0x0000000e   Code   RO          104    .text.Error_Handler  main.o
    0x08000916   0x08000916   0x00000002   PAD
    0x08000918   0x08000918   0x00000028   Code   RO         1934    .text.ExitRun0Mode  system_stm32h7xx.o
    0x08000940   0x08000940   0x0000009c   Code   RO           56    .text.FOC_AntiPark  foc.o
    0x080009dc   0x080009dc   0x00000004   PAD
    0x080009e0   0x080009e0   0x00000044   Code   RO           52    .text.FOC_Clark     foc.o
    0x08000a24   0x08000a24   0x00000004   PAD
    0x08000a28   0x08000a28   0x0000009c   Code   RO           54    .text.FOC_Park      foc.o
    0x08000ac4   0x08000ac4   0x00000004   PAD
    0x08000ac8   0x08000ac8   0x00000278   Code   RO           64    .text.FOC_SectorCCRCaculate  foc.o
    0x08000d40   0x08000d40   0x00000150   Code   RO           60    .text.FOC_SectorJudege  foc.o
    0x08000e90   0x08000e90   0x00000338   Code   RO           62    .text.FOC_VectorCaculate  foc.o
    0x080011c8   0x080011c8   0x00000010   Code   RO           85    .text.HALL_Init     hall.o
    0x080011d8   0x080011d8   0x0000004a   Code   RO          481    .text.HAL_ADCEx_DisableInjectedQueue  stm32h7xx_hal_adc_ex.o
    0x08001222   0x08001222   0x00000006   PAD
    0x08001228   0x08001228   0x00000008   Code   RO          449    .text.HAL_ADCEx_EndOfSamplingCallback  stm32h7xx_hal_adc_ex.o
    0x08001230   0x08001230   0x00000c8a   Code   RO          459    .text.HAL_ADCEx_InjectedConfigChannel  stm32h7xx_hal_adc_ex.o
    0x08001eba   0x08001eba   0x00000006   PAD
    0x08001ec0   0x08001ec0   0x00000120   Code   RO          106    .text.HAL_ADCEx_InjectedConvCpltCallback  main.o
    0x08001fe0   0x08001fe0   0x00000008   Code   RO          443    .text.HAL_ADCEx_InjectedQueueOverflowCallback  stm32h7xx_hal_adc_ex.o
    0x08001fe8   0x08001fe8   0x00000242   Code   RO          429    .text.HAL_ADCEx_InjectedStart_IT  stm32h7xx_hal_adc_ex.o
    0x0800222a   0x0800222a   0x00000006   PAD
    0x08002230   0x08002230   0x00000008   Code   RO          445    .text.HAL_ADCEx_LevelOutOfWindow2Callback  stm32h7xx_hal_adc_ex.o
    0x08002238   0x08002238   0x00000008   Code   RO          447    .text.HAL_ADCEx_LevelOutOfWindow3Callback  stm32h7xx_hal_adc_ex.o
    0x08002240   0x08002240   0x00000292   Code   RO          477    .text.HAL_ADCEx_MultiModeConfigChannel  stm32h7xx_hal_adc_ex.o
    0x080024d2   0x080024d2   0x00000006   PAD
    0x080024d8   0x080024d8   0x00000872   Code   RO          316    .text.HAL_ADC_ConfigChannel  stm32h7xx_hal_adc.o
    0x08002d4a   0x08002d4a   0x00000006   PAD
    0x08002d50   0x08002d50   0x00000008   Code   RO          306    .text.HAL_ADC_ConvCpltCallback  stm32h7xx_hal_adc.o
    0x08002d58   0x08002d58   0x00000008   Code   RO          312    .text.HAL_ADC_ErrorCallback  stm32h7xx_hal_adc.o
    0x08002d60   0x08002d60   0x00000538   Code   RO          304    .text.HAL_ADC_IRQHandler  stm32h7xx_hal_adc.o
    0x08003298   0x08003298   0x000003c8   Code   RO          238    .text.HAL_ADC_Init  stm32h7xx_hal_adc.o
    0x08003660   0x08003660   0x00000008   Code   RO          310    .text.HAL_ADC_LevelOutOfWindowCallback  stm32h7xx_hal_adc.o
    0x08003668   0x08003668   0x00000146   Code   RO          129    .text.HAL_ADC_MspInit  adc.o
    0x080037ae   0x080037ae   0x00000002   PAD
    0x080037b0   0x080037b0   0x000003c4   Code   RO          697    .text.HAL_GPIO_Init  stm32h7xx_hal_gpio.o
    0x08003b74   0x08003b74   0x00000004   PAD
    0x08003b78   0x08003b78   0x0000002e   Code   RO          701    .text.HAL_GPIO_ReadPin  stm32h7xx_hal_gpio.o
    0x08003ba6   0x08003ba6   0x00000002   PAD
    0x08003ba8   0x08003ba8   0x0000002e   Code   RO          703    .text.HAL_GPIO_WritePin  stm32h7xx_hal_gpio.o
    0x08003bd6   0x08003bd6   0x00000002   PAD
    0x08003bd8   0x08003bd8   0x0000000e   Code   RO         1098    .text.HAL_GetREVID  stm32h7xx_hal.o
    0x08003be6   0x08003be6   0x00000002   PAD
    0x08003be8   0x08003be8   0x0000000c   Code   RO         1082    .text.HAL_GetTick   stm32h7xx_hal.o
    0x08003bf4   0x08003bf4   0x00000004   PAD
    0x08003bf8   0x08003bf8   0x0000001a   Code   RO         1080    .text.HAL_IncTick   stm32h7xx_hal.o
    0x08003c12   0x08003c12   0x00000006   PAD
    0x08003c18   0x08003c18   0x0000007a   Code   RO         1070    .text.HAL_Init      stm32h7xx_hal.o
    0x08003c92   0x08003c92   0x00000006   PAD
    0x08003c98   0x08003c98   0x00000086   Code   RO         1072    .text.HAL_InitTick  stm32h7xx_hal.o
    0x08003d1e   0x08003d1e   0x00000002   PAD
    0x08003d20   0x08003d20   0x00000080   Code   RO         1029    .text.HAL_MPU_ConfigRegion  stm32h7xx_hal_cortex.o
    0x08003da0   0x08003da0   0x00000022   Code   RO         1021    .text.HAL_MPU_Disable  stm32h7xx_hal_cortex.o
    0x08003dc2   0x08003dc2   0x00000006   PAD
    0x08003dc8   0x08003dc8   0x00000030   Code   RO         1023    .text.HAL_MPU_Enable  stm32h7xx_hal_cortex.o
    0x08003df8   0x08003df8   0x0000002c   Code   RO          230    .text.HAL_MspInit   stm32h7xx_hal_msp.o
    0x08003e24   0x08003e24   0x00000004   PAD
    0x08003e28   0x08003e28   0x00000014   Code   RO         1005    .text.HAL_NVIC_EnableIRQ  stm32h7xx_hal_cortex.o
    0x08003e3c   0x08003e3c   0x00000004   PAD
    0x08003e40   0x08003e40   0x0000002e   Code   RO          997    .text.HAL_NVIC_SetPriority  stm32h7xx_hal_cortex.o
    0x08003e6e   0x08003e6e   0x00000002   PAD
    0x08003e70   0x08003e70   0x00000010   Code   RO          993    .text.HAL_NVIC_SetPriorityGrouping  stm32h7xx_hal_cortex.o
    0x08003e80   0x08003e80   0x000000a2   Code   RO          906    .text.HAL_PWREx_ConfigSupply  stm32h7xx_hal_pwr_ex.o
    0x08003f22   0x08003f22   0x00000006   PAD
    0x08003f28   0x08003f28   0x00000026   Code   RO          551    .text.HAL_RCCEx_GetD3PCLK1Freq  stm32h7xx_hal_rcc_ex.o
    0x08003f4e   0x08003f4e   0x00000002   PAD
    0x08003f50   0x08003f50   0x00000298   Code   RO          545    .text.HAL_RCCEx_GetPLL1ClockFreq  stm32h7xx_hal_rcc_ex.o
    0x080041e8   0x080041e8   0x00000298   Code   RO          547    .text.HAL_RCCEx_GetPLL2ClockFreq  stm32h7xx_hal_rcc_ex.o
    0x08004480   0x08004480   0x00000298   Code   RO          549    .text.HAL_RCCEx_GetPLL3ClockFreq  stm32h7xx_hal_rcc_ex.o
    0x08004718   0x08004718   0x00000c4a   Code   RO          543    .text.HAL_RCCEx_GetPeriphCLKFreq  stm32h7xx_hal_rcc_ex.o
    0x08005362   0x08005362   0x00000006   PAD
    0x08005368   0x08005368   0x000010a0   Code   RO          535    .text.HAL_RCCEx_PeriphCLKConfig  stm32h7xx_hal_rcc_ex.o
    0x08006408   0x08006408   0x00000498   Code   RO          504    .text.HAL_RCC_ClockConfig  stm32h7xx_hal_rcc.o
    0x080068a0   0x080068a0   0x00000056   Code   RO          514    .text.HAL_RCC_GetHCLKFreq  stm32h7xx_hal_rcc.o
    0x080068f6   0x080068f6   0x00000002   PAD
    0x080068f8   0x080068f8   0x00000026   Code   RO          516    .text.HAL_RCC_GetPCLK1Freq  stm32h7xx_hal_rcc.o
    0x0800691e   0x0800691e   0x00000002   PAD
    0x08006920   0x08006920   0x00000026   Code   RO          518    .text.HAL_RCC_GetPCLK2Freq  stm32h7xx_hal_rcc.o
    0x08006946   0x08006946   0x00000002   PAD
    0x08006948   0x08006948   0x000002fc   Code   RO          506    .text.HAL_RCC_GetSysClockFreq  stm32h7xx_hal_rcc.o
    0x08006c44   0x08006c44   0x00000004   PAD
    0x08006c48   0x08006c48   0x00000b58   Code   RO          502    .text.HAL_RCC_OscConfig  stm32h7xx_hal_rcc.o
    0x080077a0   0x080077a0   0x00000010   Code   RO         1017    .text.HAL_SYSTICK_Config  stm32h7xx_hal_cortex.o
    0x080077b0   0x080077b0   0x00000008   Code   RO         1724    .text.HAL_TIMEx_Break2Callback  stm32h7xx_hal_tim_ex.o
    0x080077b8   0x080077b8   0x00000008   Code   RO         1722    .text.HAL_TIMEx_BreakCallback  stm32h7xx_hal_tim_ex.o
    0x080077c0   0x080077c0   0x00000008   Code   RO         1718    .text.HAL_TIMEx_CommutCallback  stm32h7xx_hal_tim_ex.o
    0x080077c8   0x080077c8   0x00000112   Code   RO         1708    .text.HAL_TIMEx_ConfigBreakDeadTime  stm32h7xx_hal_tim_ex.o
    0x080078da   0x080078da   0x00000006   PAD
    0x080078e0   0x080078e0   0x00000124   Code   RO         1638    .text.HAL_TIMEx_HallSensor_Init  stm32h7xx_hal_tim_ex.o
    0x08007a04   0x08007a04   0x00000004   PAD
    0x08007a08   0x08007a08   0x00000008   Code   RO         1640    .text.HAL_TIMEx_HallSensor_MspInit  stm32h7xx_hal_tim_ex.o
    0x08007a10   0x08007a10   0x00000168   Code   RO         1650    .text.HAL_TIMEx_HallSensor_Start_IT  stm32h7xx_hal_tim_ex.o
    0x08007b78   0x08007b78   0x00000158   Code   RO         1706    .text.HAL_TIMEx_MasterConfigSynchronization  stm32h7xx_hal_tim_ex.o
    0x08007cd0   0x08007cd0   0x000001a0   Code   RO         1676    .text.HAL_TIMEx_PWMN_Start  stm32h7xx_hal_tim_ex.o
    0x08007e70   0x08007e70   0x000000a8   Code   RO         1389    .text.HAL_TIM_Base_Init  stm32h7xx_hal_tim.o
    0x08007f18   0x08007f18   0x00000124   Code   RO          149    .text.HAL_TIM_Base_MspInit  tim.o
    0x0800803c   0x0800803c   0x00000004   PAD
    0x08008040   0x08008040   0x00000104   Code   RO         1403    .text.HAL_TIM_Base_Start_IT  stm32h7xx_hal_tim.o
    0x08008144   0x08008144   0x00000004   PAD
    0x08008148   0x08008148   0x000001d0   Code   RO         1585    .text.HAL_TIM_ConfigClockSource  stm32h7xx_hal_tim.o
    0x08008318   0x08008318   0x00000164   Code   RO           87    .text.HAL_TIM_IC_CaptureCallback  hall.o
    0x0800847c   0x0800847c   0x00000004   PAD
    0x08008480   0x08008480   0x00000250   Code   RO         1523    .text.HAL_TIM_IRQHandler  stm32h7xx_hal_tim.o
    0x080086d0   0x080086d0   0x00000068   Code   RO          143    .text.HAL_TIM_MspPostInit  tim.o
    0x08008738   0x08008738   0x00000008   Code   RO         1527    .text.HAL_TIM_OC_DelayElapsedCallback  stm32h7xx_hal_tim.o
    0x08008740   0x08008740   0x000001b0   Code   RO         1559    .text.HAL_TIM_PWM_ConfigChannel  stm32h7xx_hal_tim.o
    0x080088f0   0x080088f0   0x000000a8   Code   RO         1443    .text.HAL_TIM_PWM_Init  stm32h7xx_hal_tim.o
    0x08008998   0x08008998   0x00000008   Code   RO         1445    .text.HAL_TIM_PWM_MspInit  stm32h7xx_hal_tim.o
    0x080089a0   0x080089a0   0x00000008   Code   RO         1529    .text.HAL_TIM_PWM_PulseFinishedCallback  stm32h7xx_hal_tim.o
    0x080089a8   0x080089a8   0x0000027e   Code   RO         1451    .text.HAL_TIM_PWM_Start  stm32h7xx_hal_tim.o
    0x08008c26   0x08008c26   0x00000002   PAD
    0x08008c28   0x08008c28   0x0000001a   Code   RO           89    .text.HAL_TIM_PeriodElapsedCallback  hall.o
    0x08008c42   0x08008c42   0x00000006   PAD
    0x08008c48   0x08008c48   0x00000056   Code   RO         1601    .text.HAL_TIM_ReadCapturedValue  stm32h7xx_hal_tim.o
    0x08008c9e   0x08008c9e   0x00000002   PAD
    0x08008ca0   0x08008ca0   0x00000008   Code   RO         1533    .text.HAL_TIM_TriggerCallback  stm32h7xx_hal_tim.o
    0x08008ca8   0x08008ca8   0x0000007c   Code   RO         1907    .text.HAL_UARTEx_DisableFifoMode  stm32h7xx_hal_uart_ex.o
    0x08008d24   0x08008d24   0x00000004   PAD
    0x08008d28   0x08008d28   0x0000008c   Code   RO         1911    .text.HAL_UARTEx_SetRxFifoThreshold  stm32h7xx_hal_uart_ex.o
    0x08008db4   0x08008db4   0x00000004   PAD
    0x08008db8   0x08008db8   0x0000008c   Code   RO         1909    .text.HAL_UARTEx_SetTxFifoThreshold  stm32h7xx_hal_uart_ex.o
    0x08008e44   0x08008e44   0x00000004   PAD
    0x08008e48   0x08008e48   0x000000aa   Code   RO         1737    .text.HAL_UART_Init  stm32h7xx_hal_uart.o
    0x08008ef2   0x08008ef2   0x00000006   PAD
    0x08008ef8   0x08008ef8   0x000000aa   Code   RO          165    .text.HAL_UART_MspInit  usart.o
    0x08008fa2   0x08008fa2   0x00000006   PAD
    0x08008fa8   0x08008fa8   0x00000138   Code   RO         1757    .text.HAL_UART_Transmit  stm32h7xx_hal_uart.o
    0x080090e0   0x080090e0   0x00000004   Code   RO          199    .text.HardFault_Handler  stm32h7xx_it.o
    0x080090e4   0x080090e4   0x00000004   PAD
    0x080090e8   0x080090e8   0x00000018   Code   RO          244    .text.LL_ADC_DisableDeepPowerDown  stm32h7xx_hal_adc.o
    0x08009100   0x08009100   0x0000001c   Code   RO          368    .text.LL_ADC_Enable  stm32h7xx_hal_adc.o
    0x0800911c   0x0800911c   0x00000004   PAD
    0x08009120   0x08009120   0x0000001e   Code   RO          248    .text.LL_ADC_EnableInternalRegulator  stm32h7xx_hal_adc.o
    0x0800913e   0x0800913e   0x00000002   PAD
    0x08009140   0x08009140   0x00000010   Code   RO          332    .text.LL_ADC_GetCommonPathInternalCh  stm32h7xx_hal_adc.o
    0x08009150   0x08009150   0x00000010   Code   RO          473    .text.LL_ADC_GetCommonPathInternalCh  stm32h7xx_hal_adc_ex.o
    0x08009160   0x08009160   0x00000010   Code   RO          280    .text.LL_ADC_GetMultiDMATransfer  stm32h7xx_hal_adc.o
    0x08009170   0x08009170   0x00000010   Code   RO          270    .text.LL_ADC_GetMultimode  stm32h7xx_hal_adc.o
    0x08009180   0x08009180   0x00000010   Code   RO          415    .text.LL_ADC_GetMultimode  stm32h7xx_hal_adc_ex.o
    0x08009190   0x08009190   0x0000001e   Code   RO          467    .text.LL_ADC_GetOffsetChannel  stm32h7xx_hal_adc_ex.o
    0x080091ae   0x080091ae   0x00000002   PAD
    0x080091b0   0x080091b0   0x00000010   Code   RO          417    .text.LL_ADC_INJ_GetTrigAuto  stm32h7xx_hal_adc_ex.o
    0x080091c0   0x080091c0   0x00000010   Code   RO          256    .text.LL_ADC_INJ_IsConversionOngoing  stm32h7xx_hal_adc.o
    0x080091d0   0x080091d0   0x00000010   Code   RO          403    .text.LL_ADC_INJ_IsConversionOngoing  stm32h7xx_hal_adc_ex.o
    0x080091e0   0x080091e0   0x00000016   Code   RO          308    .text.LL_ADC_INJ_IsTriggerSourceSWStart  stm32h7xx_hal_adc.o
    0x080091f6   0x080091f6   0x00000002   PAD
    0x080091f8   0x080091f8   0x00000020   Code   RO          483    .text.LL_ADC_INJ_SetQueueMode  stm32h7xx_hal_adc_ex.o
    0x08009218   0x08009218   0x0000001c   Code   RO          419    .text.LL_ADC_INJ_StartConversion  stm32h7xx_hal_adc_ex.o
    0x08009234   0x08009234   0x00000004   PAD
    0x08009238   0x08009238   0x00000010   Code   RO          242    .text.LL_ADC_IsDeepPowerDownEnabled  stm32h7xx_hal_adc.o
    0x08009248   0x08009248   0x00000010   Code   RO          252    .text.LL_ADC_IsEnabled  stm32h7xx_hal_adc.o
    0x08009258   0x08009258   0x00000010   Code   RO          391    .text.LL_ADC_IsEnabled  stm32h7xx_hal_adc_ex.o
    0x08009268   0x08009268   0x00000010   Code   RO          246    .text.LL_ADC_IsInternalRegulatorEnabled  stm32h7xx_hal_adc.o
    0x08009278   0x08009278   0x00000010   Code   RO          250    .text.LL_ADC_REG_IsConversionOngoing  stm32h7xx_hal_adc.o
    0x08009288   0x08009288   0x00000010   Code   RO          393    .text.LL_ADC_REG_IsConversionOngoing  stm32h7xx_hal_adc_ex.o
    0x08009298   0x08009298   0x00000016   Code   RO          282    .text.LL_ADC_REG_IsTriggerSourceSWStart  stm32h7xx_hal_adc.o
    0x080092ae   0x080092ae   0x00000002   PAD
    0x080092b0   0x080092b0   0x0000003a   Code   RO          318    .text.LL_ADC_REG_SetSequencerRanks  stm32h7xx_hal_adc.o
    0x080092ea   0x080092ea   0x00000006   PAD
    0x080092f0   0x080092f0   0x0000005a   Code   RO          330    .text.LL_ADC_SetChannelPreselection  stm32h7xx_hal_adc.o
    0x0800934a   0x0800934a   0x00000006   PAD
    0x08009350   0x08009350   0x0000005a   Code   RO          471    .text.LL_ADC_SetChannelPreselection  stm32h7xx_hal_adc_ex.o
    0x080093aa   0x080093aa   0x00000006   PAD
    0x080093b0   0x080093b0   0x00000036   Code   RO          320    .text.LL_ADC_SetChannelSamplingTime  stm32h7xx_hal_adc.o
    0x080093e6   0x080093e6   0x00000002   PAD
    0x080093e8   0x080093e8   0x00000036   Code   RO          461    .text.LL_ADC_SetChannelSamplingTime  stm32h7xx_hal_adc_ex.o
    0x0800941e   0x0800941e   0x00000002   PAD
    0x08009420   0x08009420   0x00000034   Code   RO          328    .text.LL_ADC_SetChannelSingleDiff  stm32h7xx_hal_adc.o
    0x08009454   0x08009454   0x00000004   PAD
    0x08009458   0x08009458   0x00000034   Code   RO          469    .text.LL_ADC_SetChannelSingleDiff  stm32h7xx_hal_adc_ex.o
    0x0800948c   0x0800948c   0x00000004   PAD
    0x08009490   0x08009490   0x0000001a   Code   RO          254    .text.LL_ADC_SetCommonClock  stm32h7xx_hal_adc.o
    0x080094aa   0x080094aa   0x00000006   PAD
    0x080094b0   0x080094b0   0x0000001a   Code   RO          334    .text.LL_ADC_SetCommonPathInternalCh  stm32h7xx_hal_adc.o
    0x080094ca   0x080094ca   0x00000006   PAD
    0x080094d0   0x080094d0   0x0000001a   Code   RO          475    .text.LL_ADC_SetCommonPathInternalCh  stm32h7xx_hal_adc_ex.o
    0x080094ea   0x080094ea   0x00000006   PAD
    0x080094f0   0x080094f0   0x00000024   Code   RO          326    .text.LL_ADC_SetDataRightShift  stm32h7xx_hal_adc.o
    0x08009514   0x08009514   0x00000004   PAD
    0x08009518   0x08009518   0x00000032   Code   RO          322    .text.LL_ADC_SetOffset  stm32h7xx_hal_adc.o
    0x0800954a   0x0800954a   0x00000006   PAD
    0x08009550   0x08009550   0x00000032   Code   RO          463    .text.LL_ADC_SetOffset  stm32h7xx_hal_adc_ex.o
    0x08009582   0x08009582   0x00000006   PAD
    0x08009588   0x08009588   0x00000028   Code   RO          324    .text.LL_ADC_SetOffsetSignedSaturation  stm32h7xx_hal_adc.o
    0x080095b0   0x080095b0   0x00000028   Code   RO          465    .text.LL_ADC_SetOffsetSignedSaturation  stm32h7xx_hal_adc_ex.o
    0x080095d8   0x080095d8   0x00000056   Code   RO          100    .text.MPU_Config    main.o
    0x0800962e   0x0800962e   0x00000002   PAD
    0x08009630   0x08009630   0x00000176   Code   RO          127    .text.MX_ADC1_Init  adc.o
    0x080097a6   0x080097a6   0x00000002   PAD
    0x080097a8   0x080097a8   0x000000f6   Code   RO          119    .text.MX_GPIO_Init  gpio.o
    0x0800989e   0x0800989e   0x00000002   PAD
    0x080098a0   0x080098a0   0x00000182   Code   RO          141    .text.MX_TIM1_Init  tim.o
    0x08009a22   0x08009a22   0x00000006   PAD
    0x08009a28   0x08009a28   0x000000b6   Code   RO          145    .text.MX_TIM5_Init  tim.o
    0x08009ade   0x08009ade   0x00000002   PAD
    0x08009ae0   0x08009ae0   0x0000005e   Code   RO          147    .text.MX_TIM7_Init  tim.o
    0x08009b3e   0x08009b3e   0x00000002   PAD
    0x08009b40   0x08009b40   0x00000092   Code   RO          163    .text.MX_USART1_UART_Init  usart.o
    0x08009bd2   0x08009bd2   0x00000006   PAD
    0x08009bd8   0x08009bd8   0x00000004   Code   RO          201    .text.MemManage_Handler  stm32h7xx_it.o
    0x08009bdc   0x08009bdc   0x00000004   PAD
    0x08009be0   0x08009be0   0x00000004   Code   RO          197    .text.NMI_Handler   stm32h7xx_it.o
    0x08009be4   0x08009be4   0x00000004   PAD
    0x08009be8   0x08009be8   0x0000006c   Code   RO         1003    .text.NVIC_EncodePriority  stm32h7xx_hal_cortex.o
    0x08009c54   0x08009c54   0x00000004   PAD
    0x08009c58   0x08009c58   0x000000b8   Code   RO           76    .text.PID_Update    pid.o
    0x08009d10   0x08009d10   0x00000016   Code   RO           11    .text.PMSM_BoadEnable  pmsm.o
    0x08009d26   0x08009d26   0x00000002   PAD
    0x08009d28   0x08009d28   0x00000060   Code   RO           17    .text.PMSM_Init     pmsm.o
    0x08009d88   0x08009d88   0x00000258   Code   RO           19    .text.PMSM_MotorSample  pmsm.o
    0x08009fe0   0x08009fe0   0x00000002   Code   RO          211    .text.PendSV_Handler  stm32h7xx_it.o
    0x08009fe2   0x08009fe2   0x00000006   PAD
    0x08009fe8   0x08009fe8   0x000001ca   Code   RO          537    .text.RCCEx_PLL2_Config  stm32h7xx_hal_rcc_ex.o
    0x0800a1b2   0x0800a1b2   0x00000006   PAD
    0x0800a1b8   0x0800a1b8   0x000001ca   Code   RO          539    .text.RCCEx_PLL3_Config  stm32h7xx_hal_rcc_ex.o
    0x0800a382   0x0800a382   0x00000006   PAD
    0x0800a388   0x0800a388   0x00000002   Code   RO          207    .text.SVC_Handler   stm32h7xx_it.o
    0x0800a38a   0x0800a38a   0x00000006   PAD
    0x0800a390   0x0800a390   0x00000052   Code   RO         1019    .text.SysTick_Config  stm32h7xx_hal_cortex.o
    0x0800a3e2   0x0800a3e2   0x00000006   PAD
    0x0800a3e8   0x0800a3e8   0x00000008   Code   RO          213    .text.SysTick_Handler  stm32h7xx_it.o
    0x0800a3f0   0x0800a3f0   0x000000e6   Code   RO          102    .text.SystemClock_Config  main.o
    0x0800a4d6   0x0800a4d6   0x00000002   PAD
    0x0800a4d8   0x0800a4d8   0x0000018c   Code   RO         1930    .text.SystemInit    system_stm32h7xx.o
    0x0800a664   0x0800a664   0x00000004   PAD
    0x0800a668   0x0800a668   0x00000010   Code   RO          217    .text.TIM1_UP_IRQHandler  stm32h7xx_it.o
    0x0800a678   0x0800a678   0x00000010   Code   RO          219    .text.TIM5_IRQHandler  stm32h7xx_it.o
    0x0800a688   0x0800a688   0x00000010   Code   RO          221    .text.TIM7_IRQHandler  stm32h7xx_it.o
    0x0800a698   0x0800a698   0x000001a4   Code   RO         1393    .text.TIM_Base_SetConfig  stm32h7xx_hal_tim.o
    0x0800a83c   0x0800a83c   0x00000004   PAD
    0x0800a840   0x0800a840   0x00000036   Code   RO         1427    .text.TIM_CCxChannelCmd  stm32h7xx_hal_tim.o
    0x0800a876   0x0800a876   0x00000002   PAD
    0x0800a878   0x0800a878   0x00000036   Code   RO         1660    .text.TIM_CCxNChannelCmd  stm32h7xx_hal_tim_ex.o
    0x0800a8ae   0x0800a8ae   0x00000002   PAD
    0x0800a8b0   0x0800a8b0   0x00000034   Code   RO         1583    .text.TIM_ETR_SetConfig  stm32h7xx_hal_tim.o
    0x0800a8e4   0x0800a8e4   0x00000004   PAD
    0x0800a8e8   0x0800a8e8   0x00000030   Code   RO         1589    .text.TIM_ITRx_SetConfig  stm32h7xx_hal_tim.o
    0x0800a918   0x0800a918   0x00000150   Code   RO         1537    .text.TIM_OC1_SetConfig  stm32h7xx_hal_tim.o
    0x0800aa68   0x0800aa68   0x0000016c   Code   RO         1539    .text.TIM_OC2_SetConfig  stm32h7xx_hal_tim.o
    0x0800abd4   0x0800abd4   0x00000004   PAD
    0x0800abd8   0x0800abd8   0x0000016a   Code   RO         1541    .text.TIM_OC3_SetConfig  stm32h7xx_hal_tim.o
    0x0800ad42   0x0800ad42   0x00000006   PAD
    0x0800ad48   0x0800ad48   0x000000da   Code   RO         1543    .text.TIM_OC4_SetConfig  stm32h7xx_hal_tim.o
    0x0800ae22   0x0800ae22   0x00000006   PAD
    0x0800ae28   0x0800ae28   0x000000d0   Code   RO         1545    .text.TIM_OC5_SetConfig  stm32h7xx_hal_tim.o
    0x0800aef8   0x0800aef8   0x000000d2   Code   RO         1547    .text.TIM_OC6_SetConfig  stm32h7xx_hal_tim.o
    0x0800afca   0x0800afca   0x00000006   PAD
    0x0800afd0   0x0800afd0   0x00000050   Code   RO         1587    .text.TIM_TI1_ConfigInputStage  stm32h7xx_hal_tim.o
    0x0800b020   0x0800b020   0x00000116   Code   RO         1551    .text.TIM_TI1_SetConfig  stm32h7xx_hal_tim.o
    0x0800b136   0x0800b136   0x00000002   PAD
    0x0800b138   0x0800b138   0x00000052   Code   RO         1591    .text.TIM_TI2_ConfigInputStage  stm32h7xx_hal_tim.o
    0x0800b18a   0x0800b18a   0x00000006   PAD
    0x0800b190   0x0800b190   0x00000086   Code   RO         1905    .text.UARTEx_SetNbDataToProcess  stm32h7xx_hal_uart_ex.o
    0x0800b216   0x0800b216   0x00000002   PAD
    0x0800b218   0x0800b218   0x00000148   Code   RO         1741    .text.UART_AdvFeatureConfig  stm32h7xx_hal_uart.o
    0x0800b360   0x0800b360   0x00000146   Code   RO         1745    .text.UART_CheckIdleState  stm32h7xx_hal_uart.o
    0x0800b4a6   0x0800b4a6   0x00000002   PAD
    0x0800b4a8   0x0800b4a8   0x0000009e   Code   RO         1797    .text.UART_EndRxTransfer  stm32h7xx_hal_uart.o
    0x0800b546   0x0800b546   0x00000002   PAD
    0x0800b548   0x0800b548   0x00000922   Code   RO         1743    .text.UART_SetConfig  stm32h7xx_hal_uart.o
    0x0800be6a   0x0800be6a   0x00000006   PAD
    0x0800be70   0x0800be70   0x0000010c   Code   RO         1759    .text.UART_WaitOnFlagUntilTimeout  stm32h7xx_hal_uart.o
    0x0800bf7c   0x0800bf7c   0x00000004   PAD
    0x0800bf80   0x0800bf80   0x00000004   Code   RO          205    .text.UsageFault_Handler  stm32h7xx_it.o
    0x0800bf84   0x0800bf84   0x00000004   PAD
    0x0800bf88   0x0800bf88   0x00000054   Code   RO          173    .text.VOFA_JustFloat_Send3  usart.o
    0x0800bfdc   0x0800bfdc   0x00000004   PAD
    0x0800bfe0   0x0800bfe0   0x00000030   Code   RO         1007    .text.__NVIC_EnableIRQ  stm32h7xx_hal_cortex.o
    0x0800c010   0x0800c010   0x00000010   Code   RO          999    .text.__NVIC_GetPriorityGrouping  stm32h7xx_hal_cortex.o
    0x0800c020   0x0800c020   0x00000042   Code   RO         1001    .text.__NVIC_SetPriority  stm32h7xx_hal_cortex.o
    0x0800c062   0x0800c062   0x00000006   PAD
    0x0800c068   0x0800c068   0x0000003c   Code   RO          995    .text.__NVIC_SetPriorityGrouping  stm32h7xx_hal_cortex.o
    0x0800c0a4   0x0800c0a4   0x00000004   PAD
    0x0800c0a8   0x0800c0a8   0x00000062   Code   RO           98    .text.main          main.o
    0x0800c10a   0x0800c10a   0x00000026   Code   RO         4142    i.__ARM_fpclassifyf  m_wm.l(fpclassifyf.o)
    0x0800c130   0x0800c130   0x00000150   Code   RO         4022    i.__hardfp_cosf     m_wm.l(cosf.o)
    0x0800c280   0x0800c280   0x00000190   Code   RO         4069    i.__hardfp_sinf     m_wm.l(sinf.o)
    0x0800c410   0x0800c410   0x0000007a   Code   RO         4075    i.__hardfp_sqrt     m_wm.l(sqrt.o)
    0x0800c48a   0x0800c48a   0x0000003a   Code   RO         4081    i.__hardfp_sqrtf    m_wm.l(sqrtf.o)
    0x0800c4c4   0x0800c4c4   0x00000006   Code   RO         4145    i.__mathlib_flt_infnan  m_wm.l(funder.o)
    0x0800c4ca   0x0800c4ca   0x00000002   PAD
    0x0800c4cc   0x0800c4cc   0x00000010   Code   RO         4147    i.__mathlib_flt_invalid  m_wm.l(funder.o)
    0x0800c4dc   0x0800c4dc   0x00000010   Code   RO         4150    i.__mathlib_flt_underflow  m_wm.l(funder.o)
    0x0800c4ec   0x0800c4ec   0x00000154   Code   RO         4166    i.__mathlib_rredf2  m_wm.l(rredf.o)
    0x0800c640   0x0800c640   0x00000062   Code   RO         3978    x$fpl$d2f           fz_wm.l(d2f.o)
    0x0800c6a2   0x0800c6a2   0x00000002   PAD
    0x0800c6a4   0x0800c6a4   0x00000150   Code   RO         3982    x$fpl$dadd          fz_wm.l(daddsub_clz.o)
    0x0800c7f4   0x0800c7f4   0x000002b8   Code   RO         3991    x$fpl$ddiv          fz_wm.l(ddiv.o)
    0x0800caac   0x0800caac   0x00000154   Code   RO         4008    x$fpl$dmul          fz_wm.l(dmul.o)
    0x0800cc00   0x0800cc00   0x0000009c   Code   RO         4108    x$fpl$dnaninf       fz_wm.l(dnaninf.o)
    0x0800cc9c   0x0800cc9c   0x0000000c   Code   RO         4110    x$fpl$dretinf       fz_wm.l(dretinf.o)
    0x0800cca8   0x0800cca8   0x00000198   Code   RO         4114    x$fpl$dsqrt         fz_wm.l(dsqrt_umaal.o)
    0x0800ce40   0x0800ce40   0x000001dc   Code   RO         3984    x$fpl$dsub          fz_wm.l(daddsub_clz.o)
    0x0800d01c   0x0800d01c   0x00000056   Code   RO         4010    x$fpl$f2d           fz_wm.l(f2d.o)
    0x0800d072   0x0800d072   0x0000008c   Code   RO         4116    x$fpl$fnaninf       fz_wm.l(fnaninf.o)
    0x0800d0fe   0x0800d0fe   0x0000001a   Code   RO         4291    x$fpl$fpinit        fz_wm.l(fpinit.o)
    0x0800d118   0x0800d118   0x0000000a   Code   RO         4118    x$fpl$fretinf       fz_wm.l(fretinf.o)
    0x0800d122   0x0800d122   0x00000000   Code   RO         4122    x$fpl$usenofp       fz_wm.l(usenofp.o)
    0x0800d122   0x0800d122   0x00000002   PAD
    0x0800d124   0x0800d124   0x00000020   Data   RO         4167    .constdata          m_wm.l(rredf.o)
    0x0800d144   0x0800d144   0x00000010   Data   RO         1938    .rodata.D1CorePrescTable  system_stm32h7xx.o
    0x0800d154   0x0800d154   0x00000008   Data   RO         1922    .rodata.UARTEx_SetNbDataToProcess.denominator  stm32h7xx_hal_uart_ex.o
    0x0800d15c   0x0800d15c   0x00000008   Data   RO         1921    .rodata.UARTEx_SetNbDataToProcess.numerator  stm32h7xx_hal_uart_ex.o
    0x0800d164   0x0800d164   0x00000018   Data   RO         1877    .rodata.UARTPrescTable  stm32h7xx_hal_uart.o
    0x0800d17c   0x0800d17c   0x00000020   Data   RO         4352    Region$$Table       anon$$obj.o


    Execution Region RW_IRAM1 (Exec base: 0x20000000, Load base: 0x0800d19c, Size: 0x00000000, Max: 0x00020000, ABSOLUTE)

    **** No section assigned to this execution region ****


    Execution Region RW_IRAM2 (Exec base: 0x24000000, Load base: 0x0800d1a0, Size: 0x00000948, Max: 0x00080000, ABSOLUTE)

    Exec Addr    Load Addr    Size         Type   Attr      Idx    E Section Name        Object

    0x24000000   0x0800d1a0   0x0000002c   Data   RW           44    .data.CurrentLoopID  global_varibles.o
    0x2400002c   0x0800d1cc   0x0000002c   Data   RW           45    .data.CurrentLoopIQ  global_varibles.o
    0x24000058   0x0800d1f8   0x00000008   Data   RW           38    .data.OpenLoopUdq   global_varibles.o
    0x24000060   0x0800d200   0x00000004   Data   RW         1936    .data.SystemCoreClock  system_stm32h7xx.o
    0x24000064   0x0800d204   0x00000004   Data   RW         1937    .data.SystemD2Clock  system_stm32h7xx.o
    0x24000068   0x0800d208   0x00000001   Data   RW         1167    .data.uwTickFreq    stm32h7xx_hal.o
    0x24000069   0x0800d209   0x00000003   PAD
    0x2400006c   0x0800d20c   0x00000004   Data   RW         1166    .data.uwTickPrio    stm32h7xx_hal.o
    0x24000070        -       0x00000060   Zero   RW         4203    .bss                c_w.l(libspace.o)
    0x240000d0        -       0x00000006   Zero   RW           28    .bss.ADCInjectBuff  global_varibles.o
    0x240000d6   0x0800d210   0x00000002   PAD
    0x240000d8        -       0x0000000c   Zero   RW           37    .bss.Curr_Sample    global_varibles.o
    0x240000e4        -       0x0000000c   Zero   RW           35    .bss.Current_Offset  global_varibles.o
    0x240000f0        -       0x00000004   Zero   RW           30    .bss.Elec_Angle     global_varibles.o
    0x240000f4        -       0x00000008   Zero   RW           41    .bss.FeedbackCalrk  global_varibles.o
    0x240000fc        -       0x00000008   Zero   RW           42    .bss.FeedbackParkI  global_varibles.o
    0x24000104        -       0x00000024   Zero   RW           46    .bss.HALL           global_varibles.o
    0x24000128        -       0x00000004   Zero   RW           29    .bss.Mech_Angle     global_varibles.o
    0x2400012c        -       0x00000001   Zero   RW           31    .bss.N              global_varibles.o
    0x2400012d   0x0800d210   0x00000003   PAD
    0x24000130        -       0x00000008   Zero   RW           39    .bss.OpenLoopUalbe  global_varibles.o
    0x24000138        -       0x0000000c   Zero   RW           40    .bss.Sector_CCR     global_varibles.o
    0x24000144        -       0x00000004   Zero   RW           32    .bss.StatorFilter_Ia  global_varibles.o
    0x24000148        -       0x00000004   Zero   RW           33    .bss.StatorFilter_Ib  global_varibles.o
    0x2400014c        -       0x00000004   Zero   RW           34    .bss.StatorFilter_Ic  global_varibles.o
    0x24000150        -       0x0000000c   Zero   RW           43    .bss.StatorI        global_varibles.o
    0x2400015c        -       0x00000008   Zero   RW           36    .bss.Vector_Dura    global_varibles.o
    0x24000164        -       0x00000064   Zero   RW          133    .bss.hadc1          adc.o
    0x240001c8        -       0x0000004c   Zero   RW          153    .bss.htim1          tim.o
    0x24000214        -       0x0000004c   Zero   RW          154    .bss.htim5          tim.o
    0x24000260        -       0x0000004c   Zero   RW          155    .bss.htim7          tim.o
    0x240002ac        -       0x00000094   Zero   RW          189    .bss.huart1         usart.o
    0x24000340        -       0x00000004   Zero   RW         1168    .bss.uwTick         stm32h7xx_hal.o
    0x24000344   0x0800d210   0x00000004   PAD
    0x24000348        -       0x00000200   Zero   RW            2    HEAP                startup_stm32h743xx.o
    0x24000548        -       0x00000400   Zero   RW            1    STACK               startup_stm32h743xx.o


==============================================================================

Image component sizes


      Code (inc. data)   RO Data    RW Data    ZI Data      Debug   Object Name

       700          0          0          0        100      12622   adc.o
      2172         54          0          0          0       3430   foc.o
         0          0          0         96        143       2166   global_varibles.o
       246          0          0          0          0       2987   gpio.o
       398         14          0          0          0       4986   hall.o
       716          4          0          0          0       8064   main.o
       184          0          0          0          0        998   pid.o
       718         28          0          0          0       3180   pmsm.o
        72         30        664          0       1536        840   startup_stm32h743xx.o
       308          0          0          5          4      13754   stm32h7xx_hal.o
      6040          0          0          0          0      21935   stm32h7xx_hal_adc.o
      5050          0          0          0          0      21488   stm32h7xx_hal_adc_ex.o
       688          0          0          0          0      11560   stm32h7xx_hal_cortex.o
      1056          0          0          0          0       7003   stm32h7xx_hal_gpio.o
        44          0          0          0          0       2231   stm32h7xx_hal_msp.o
       162          0          0          0          0      10367   stm32h7xx_hal_pwr_ex.o
      5006         66          0          0          0      11880   stm32h7xx_hal_rcc.o
     10348        118          0          0          0      19238   stm32h7xx_hal_rcc_ex.o
      5552         36          0          0          0      37543   stm32h7xx_hal_tim.o
      1772          0          0          0          0      17478   stm32h7xx_hal_tim_ex.o
      3900        258         24          0          0      29278   stm32h7xx_hal_uart.o
       538          0         16          0          0       8878   stm32h7xx_hal_uart_ex.o
        98          0          0          0          0       1361   stm32h7xx_it.o
       436          0         16          8          0       6145   system_stm32h7xx.o
      1058          0          0          0        228      11898   tim.o
       400          0          0          0        148      10977   usart.o

    ----------------------------------------------------------------------
     48074        616        752        112       2168     282287   Object Totals
         0          0         32          0          0          0   (incl. Generated)
       412          8          0          3          9          0   (incl. Padding)

    ----------------------------------------------------------------------

      Code (inc. data)   RO Data    RW Data    ZI Data      Debug   Library Member Name

         8          0          0          0          0         68   __main.o
         0          0          0          0          0          0   __rtentry.o
        12          0          0          0          0          0   __rtentry2.o
         6          0          0          0          0          0   __rtentry4.o
        94          8          0          0          0          0   __scatter.o
        26          0          0          0          0          0   __scatter_copy.o
        28          0          0          0          0          0   __scatter_zi.o
        22          0          0          0          0        100   _rserrno.o
        18          0          0          0          0         80   exit.o
         6          0          0          0          0        152   heapauxi.o
         0          0          0          0          0          0   indicate_semi.o
         2          0          0          0          0          0   libinit.o
         6          0          0          0          0          0   libinit2.o
         2          0          0          0          0          0   libshutdown.o
         2          0          0          0          0          0   libshutdown2.o
         8          4          0          0         96         68   libspace.o
       240          0          0          0          0        100   lludivv7m.o
         8          4          0          0          0         68   rt_errno_addr_intlibspace.o
        78          0          0          0          0         80   rt_memclr_w.o
         2          0          0          0          0          0   rtexit.o
        10          0          0          0          0          0   rtexit2.o
        12          4          0          0          0         68   sys_exit.o
        74          0          0          0          0         80   sys_stackheap_outer.o
         2          0          0          0          0         68   use_no_semi.o
        98          4          0          0          0        140   d2f.o
       812         16          0          0          0        392   daddsub_clz.o
       696        140          0          0          0        264   ddiv.o
       340         12          0          0          0        152   dmul.o
       156          4          0          0          0        140   dnaninf.o
        12          0          0          0          0        116   dretinf.o
       408         56          0          0          0        168   dsqrt_umaal.o
        86          4          0          0          0        132   f2d.o
       140          4          0          0          0        132   fnaninf.o
        26          0          0          0          0        116   fpinit.o
        10          0          0          0          0        116   fretinf.o
         0          0          0          0          0          0   usenofp.o
       336         56          0          0          0        136   cosf.o
        38          0          0          0          0        116   fpclassifyf.o
        38         12          0          0          0        348   funder.o
       340         24         32          0          0        160   rredf.o
       400         56          0          0          0        212   sinf.o
       122          0          0          0          0        148   sqrt.o
        58          0          0          0          0        136   sqrtf.o

    ----------------------------------------------------------------------
      4802        408         32          0         96       4056   Library Totals
        20          0          0          0          0          0   (incl. Padding)

    ----------------------------------------------------------------------

      Code (inc. data)   RO Data    RW Data    ZI Data      Debug   Library Name

       666         20          0          0         96        932   c_w.l
      2784        240          0          0          0       1868   fz_wm.l
      1332        148         32          0          0       1256   m_wm.l

    ----------------------------------------------------------------------
      4802        408         32          0         96       4056   Library Totals

    ----------------------------------------------------------------------

==============================================================================


      Code (inc. data)   RO Data    RW Data    ZI Data      Debug   

     52876       1024        784        112       2264     283687   Grand Totals
     52876       1024        784        112       2264     283687   ELF Image Totals
     52876       1024        784        112          0          0   ROM Totals

==============================================================================

    Total RO  Size (Code + RO Data)                53660 (  52.40kB)
    Total RW  Size (RW Data + ZI Data)              2376 (   2.32kB)
    Total ROM Size (Code + RO Data + RW Data)      53772 (  52.51kB)

==============================================================================

